Microchip MPLAB XC8 Compiler V2.46

Linker command line:

-W-3 \
  --edf=C:\Program Files\Microchip\xc8\v2.46\pic\dat\20240104201356_en.msgs \
  -cn -h+dist/default/debug\RTC_TIMER_STOPWATCH.debug.sym \
  --cmf=dist/default/debug\RTC_TIMER_STOPWATCH.debug.cmf -z -Q18F4620 \
  -oC:\Users\Dell\AppData\Local\Temp\xcAsot4.\driver_tmp_3.o \
  --defsym=__MPLAB_BUILD=1 --fixupoverflow=error \
  -Mdist/default/debug/RTC_TIMER_STOPWATCH.debug.map \
  --md=C:\Users\Dell\AppData\Local\Temp\xcAsot4.\driver_tmp_0.dat -E1 \
  -ver=XC8 Compiler --acfsm=1493 -ACODE=00h-0FFFFh -ACONST=00h-0FFFFh \
  -ASMALLCONST=01000h-010FFhx240 -AMEDIUMCONST=01000h-0FFFFh \
  -ACOMRAM=01h-07Fh -AABS1=00h-0F7Fh -ABIGRAM=01h-0F7Fh \
  -ARAM=080h-0FFh,0100h-01FFhx14,0F00h-0F7Fh -ABANK0=080h-0FFh \
  -ABANK1=0100h-01FFh -ABANK2=0200h-02FFh -ABANK3=0300h-03FFh \
  -ABANK4=0400h-04FFh -ABANK5=0500h-05FFh -ABANK6=0600h-06FFh \
  -ABANK7=0700h-07FFh -ABANK8=0800h-08FFh -ABANK9=0900h-09FFh \
  -ABANK10=0A00h-0AFFh -ABANK11=0B00h-0BFFh -ABANK12=0C00h-0CFFh \
  -ABANK13=0D00h-0DFFh -ABANK14=0E00h-0EFFh -ABANK15=0F00h-0F7Fh \
  -ASFR=0F80h-0FFFh -ABIGSFR=0F80h-0FFFh -ACONFIG=0300000h-030000Dh \
  -AIDLOC=0200000h-0200007h -AEEDATA=0F00000h-0F003FFh -peeprom_data=EEDATA \
  -preset_vec=00h,intcode=8h,intcodelo,powerup,init -pramtop=01000h \
  -psmallconst=SMALLCONST -pmediumconst=MEDIUMCONST -pconst=CONST \
  -AFARRAM=00h-00h \
  -prdata=COMRAM,nvrram=COMRAM,nvbit=COMRAM,rbss=COMRAM,rbit=COMRAM \
  -pfarbss=FARRAM,fardata=FARRAM,nvFARRAM=FARRAM \
  -pintsave_regs=BIGRAM,bigbss=BIGRAM,bigdata=BIGRAM -pbss=RAM \
  -pidata=CODE,irdata=CODE,ibigdata=CODE,ifardata=CODE -prparam=COMRAM \
  C:\Users\Dell\AppData\Local\Temp\xcAsot4.\driver_tmp_9.o \
  dist/default/debug\RTC_TIMER_STOPWATCH.debug.o 

Object code version is 3.11

Machine type is 18F4620



                Name                               Link     Load   Length Selector   Space Scale
C:\Users\Dell\AppData\Local\Temp\xcAsot4.\driver_tmp_9.o
                config                           300000   300000        E        0       4
                init                                  E        E        4        4       0
                reset_vec                             0        0        4        0       0
dist/default/debug\RTC_TIMER_STOPWATCH.debug.o
                intcode                               8        8        6        4       0
                config                           300000   300000        E        0       4
                temp                                 6D       6D        1        1       1
                smallconst                         1000     1000       12      800       0
                text71                             1B60     1B60      10A      809       0
                text70                             26F6     26F6       78      809       0
                text69                             267E     267E       78      809       0
                text68                             317E     317E       1E     16E5       0
                text67                             3242     3242        E     16E5       0
                text66                             3160     3160       1E     16E5       0
                text65                             2FE4     2FE4       2E     16E5       0
                text64                             2FB6     2FB6       2E     16E5       0
                text63                             2F88     2F88       2E     16E5       0
                text62                             2EE6     2EE6       3E     16E5       0
                text61                             2EA0     2EA0       46     16E5       0
                text60                             3142     3142       1E     16E5       0
                text59                             1E2A     1E2A       C6      809       0
                text58                             2D2A     2D2A       54      809       0
                text57                             2CD6     2CD6       54      809       0
                text56                             2C82     2C82       54      809       0
                text55                             2C2E     2C2E       54      809       0
                text54                             248A     248A       82      809       0
                text53                             2930     2930       6A      809       0
                text52                             147A     147A      15C      809       0
                text51                             2F24     2F24       36     16E5       0
                intcode_body                       1012     1012      2D6      809       0
                text49                             1816     1816      11C      809       0
                text48                             1932     1932      11A      809       0
                text47                             299A     299A       68      809       0
                text46                             2852     2852       70      809       0
                text45                             2604     2604       7A      809       0
                text44                             2BD8     2BD8       56      809       0
                text43                             258A     258A       7A      809       0
                text42                             27E0     27E0       72      809       0
                text41                             276E     276E       72      809       0
                text40                             16F6     16F6      120      809       0
                text39                             250C     250C       7E      809       0
                text38                             3012     3012       2C     16E5       0
                text37                             3092     3092       2A     16E5       0
                text36                             3068     3068       2A     16E5       0
                text35                             303E     303E       2A     16E5       0
                text34                             21BC     21BC       A8      809       0
                text33                             2A02     2A02       66      809       0
                text32                             3102     3102       22     16E5       0
                text31                             30E0     30E0       22     16E5       0
                text30                             2F5A     2F5A       2E     16E5       0
                text29                             30BC     30BC       24     16E5       0
                text28                             1A4C     1A4C      114      809       0
                text27                             2404     2404       86      809       0
                text26                             2ACA     2ACA       62      809       0
                text25                             2DCA     2DCA       4A     16E5       0
                text24                             2264     2264       92      809       0
                text23                             2E5A     2E5A       46     16E5       0
                text22                             3250     3250        A     16E5       0
                text21                             321C     321C       14     16E5       0
                text20                             31DE     31DE       16     16E5       0
                text19                             31C8     31C8       16     16E5       0
                text18                             31B2     31B2       16     16E5       0
                text17                             3208     3208       14     16E5       0
                text16                             31F4     31F4       14     16E5       0
                text15                             3124     3124       1E     16E5       0
                text14                             237E     237E       86      809       0
                text13                             2066     2066       AE      809       0
                text12                             3230     3230       12     16E5       0
                text11                             2E14     2E14       46     16E5       0
                text10                             22F6     22F6       88      809       0
                text9                              2B82     2B82       56      809       0
                text8                              2114     2114       A8      809       0
                text7                              1C6A     1C6A       FA      809       0
                text6                              2A68     2A68       62      809       0
                text5                              28C2     28C2       6E      809       0
                text4                              15D6     15D6      120      809       0
                text3                              1D64     1D64       C6      809       0
                text2                              1FB4     1FB4       B2      809       0
                text1                              12E8     12E8      192      809       0
                text0                              1EF0     1EF0       C4      809       0
                cstackCOMRAM                         56       56       15        1       1
                cstackBANK0                          CB       CB        E       80       1
                dataBANK0                            80       80       4B       80       1
                dataCOMRAM                           40       40       16        1       1
                bssCOMRAM                             1        1       3F        1       1
                cinit                              2B2C     2B2C       56      809       0
                nvCOMRAM                             6B       6B        2        1       1
                idataBANK0                         2D7E     2D7E       4B      809       0
                idataCOMRAM                        319C     319C       16     16E5       0

TOTAL           Name                               Link     Load   Length     Space
        CLASS   CODE           
                intcode                               8        8        6         0
                init                                  E        E        4         0
                reset_vec                             0        0        4         0
                text71                             1B60     1B60      10A         0
                text70                             26F6     26F6       78         0
                text69                             267E     267E       78         0
                text68                             317E     317E       1E         0
                text67                             3242     3242        E         0
                text66                             3160     3160       1E         0
                text65                             2FE4     2FE4       2E         0
                text64                             2FB6     2FB6       2E         0
                text63                             2F88     2F88       2E         0
                text62                             2EE6     2EE6       3E         0
                text61                             2EA0     2EA0       46         0
                text60                             3142     3142       1E         0
                text59                             1E2A     1E2A       C6         0
                text58                             2D2A     2D2A       54         0
                text57                             2CD6     2CD6       54         0
                text56                             2C82     2C82       54         0
                text55                             2C2E     2C2E       54         0
                text54                             248A     248A       82         0
                text53                             2930     2930       6A         0
                text52                             147A     147A      15C         0
                text51                             2F24     2F24       36         0
                intcode_body                       1012     1012      2D6         0
                text49                             1816     1816      11C         0
                text48                             1932     1932      11A         0
                text47                             299A     299A       68         0
                text46                             2852     2852       70         0
                text45                             2604     2604       7A         0
                text44                             2BD8     2BD8       56         0
                text43                             258A     258A       7A         0
                text42                             27E0     27E0       72         0
                text41                             276E     276E       72         0
                text40                             16F6     16F6      120         0
                text39                             250C     250C       7E         0
                text38                             3012     3012       2C         0
                text37                             3092     3092       2A         0
                text36                             3068     3068       2A         0
                text35                             303E     303E       2A         0
                text34                             21BC     21BC       A8         0
                text33                             2A02     2A02       66         0
                text32                             3102     3102       22         0
                text31                             30E0     30E0       22         0
                text30                             2F5A     2F5A       2E         0
                text29                             30BC     30BC       24         0
                text28                             1A4C     1A4C      114         0
                text27                             2404     2404       86         0
                text26                             2ACA     2ACA       62         0
                text25                             2DCA     2DCA       4A         0
                text24                             2264     2264       92         0
                text23                             2E5A     2E5A       46         0
                text22                             3250     3250        A         0
                text21                             321C     321C       14         0
                text20                             31DE     31DE       16         0
                text19                             31C8     31C8       16         0
                text18                             31B2     31B2       16         0
                text17                             3208     3208       14         0
                text16                             31F4     31F4       14         0
                text15                             3124     3124       1E         0
                text14                             237E     237E       86         0
                text13                             2066     2066       AE         0
                text12                             3230     3230       12         0
                text11                             2E14     2E14       46         0
                text10                             22F6     22F6       88         0
                text9                              2B82     2B82       56         0
                text8                              2114     2114       A8         0
                text7                              1C6A     1C6A       FA         0
                text6                              2A68     2A68       62         0
                text5                              28C2     28C2       6E         0
                text4                              15D6     15D6      120         0
                text3                              1D64     1D64       C6         0
                text2                              1FB4     1FB4       B2         0
                text1                              12E8     12E8      192         0
                text0                              1EF0     1EF0       C4         0
                cinit                              2B2C     2B2C       56         0
                idataBANK0                         2D7E     2D7E       4B         0
                idataCOMRAM                        319C     319C       16         0

        CLASS   CONST          

        CLASS   SMALLCONST     
                smallconst                         1000     1000       12         0

        CLASS   MEDIUMCONST    

        CLASS   COMRAM         
                temp                                 6D       6D        1         1
                cstackCOMRAM                         56       56       15         1
                dataCOMRAM                           40       40       16         1
                bssCOMRAM                             1        1       3F         1
                nvCOMRAM                             6B       6B        2         1

        CLASS   ABS1           

        CLASS   BIGRAM         

        CLASS   RAM            

        CLASS   BANK0          
                cstackBANK0                          CB       CB        E         1
                dataBANK0                            80       80       4B         1

        CLASS   BANK1          

        CLASS   BANK2          

        CLASS   BANK3          

        CLASS   BANK4          

        CLASS   BANK5          

        CLASS   BANK6          

        CLASS   BANK7          

        CLASS   BANK8          

        CLASS   BANK9          

        CLASS   BANK10         

        CLASS   BANK11         

        CLASS   BANK12         

        CLASS   BANK13         

        CLASS   BANK14         

        CLASS   BANK15         

        CLASS   SFR            

        CLASS   BIGSFR         

        CLASS   CONFIG         
                config                           300000   300000        E         4

        CLASS   IDLOC          

        CLASS   EEDATA         

        CLASS   FARRAM         

        CLASS   HEAP           

        CLASS   STACK          



SEGMENTS        Name                           Load    Length   Top    Selector   Space  Class

                reset_vec                      000000  000004  000004         0       0  CODE    
                bssCOMRAM                      000001  00006D  00006E         1       1  COMRAM  
                intcode                        000008  00000A  000012         4       0  CODE    
                dataBANK0                      000080  000059  0000D9        80       1  BANK0   
                smallconst                     001000  000012  001012       800       0  SMALLCON
                intcode_body                   001012  001DB7  002DC9       809       0  CODE    
                text25                         002DCA  000490  00325A      16E5       0  CODE    


UNUSED ADDRESS RANGES

        Name                Unused          Largest block    Delta
        BANK0            0000D9-0000FF               27
        BANK1            000100-0001FF              100
        BANK10           000A00-000AFF              100
        BANK11           000B00-000BFF              100
        BANK12           000C00-000CFF              100
        BANK13           000D00-000DFF              100
        BANK14           000E00-000EFF              100
        BANK15           000F00-000F7F               80
        BANK2            000200-0002FF              100
        BANK3            000300-0003FF              100
        BANK4            000400-0004FF              100
        BANK5            000500-0005FF              100
        BANK6            000600-0006FF              100
        BANK7            000700-0007FF              100
        BANK8            000800-0008FF              100
        BANK9            000900-0009FF              100
        BIGRAM           00006E-00007F               12
                         0000D9-000F7F              EA7
        BIGSFR           000F80-000FFF               80
        CODE             000004-000007                4
                         000012-000FFF              FEE
                         002DC9-002DC9                1
                         00325A-00FFFF             CDA6
        COMRAM           00006E-00007F               12
        CONST            000004-000007                4
                         000012-000FFF              FEE
                         002DC9-002DC9                1
                         00325A-00FFFF             CDA6
        EEDATA           F00000-F003FF              400
        IDLOC            200000-200007                8
        MEDIUMCONST      002DC9-002DC9                1
                         00325A-00FFFF             CDA6
        RAM              0000D9-000F7F              100
        SFR              000F80-000FFF               80
        SMALLCONST       002DC9-002DC9                1
                         00325A-00FFFF              100

                                  Symbol Table

?___awdiv                                       cstackBANK0  0000CB
?___awmod                                       cstackBANK0  0000CB
Data_EEPROM_Read_Byte@bADD                      cstackCOMRAM 000056
Data_EEPROM_Read_Byte@bData                     cstackCOMRAM 000058
Data_EEPROM_Read_Byte@retVal                    cstackCOMRAM 000059
Data_EEPROM_Write_Byte@General_Interrupt_Status cstackCOMRAM 000059
Data_EEPROM_Write_Byte@bADD                     cstackCOMRAM 000056
Data_EEPROM_Write_Byte@bData                    cstackCOMRAM 000058
I2C_Write_Byte@Byte                             cstackCOMRAM 000068
INT0_SetInterruptHandler@InterruptHandler       cstackCOMRAM 000068
INT0_SetInterruptHandler@retVal                 cstackCOMRAM 00006A
INT1_SetInterruptHandler@InterruptHandler       cstackCOMRAM 000068
INT1_SetInterruptHandler@retVal                 cstackCOMRAM 00006A
INT2_SetInterruptHandler@InterruptHandler       cstackCOMRAM 000068
INT2_SetInterruptHandler@retVal                 cstackCOMRAM 00006A
Interrupt_INTx_Clear_Flag@int_obj               cstackCOMRAM 000068
Interrupt_INTx_Clear_Flag@retVal                cstackBANK0  0000CB
Interrupt_INTx_Disable@int_obj                  cstackCOMRAM 000068
Interrupt_INTx_Disable@retVal                   cstackBANK0  0000CB
Interrupt_INTx_Edge_Init@int_obj                cstackCOMRAM 000068
Interrupt_INTx_Edge_Init@retVal                 cstackBANK0  0000CB
Interrupt_INTx_Enable@int_obj                   cstackCOMRAM 000068
Interrupt_INTx_Enable@retVal                    cstackBANK0  0000CB
Interrupt_INTx_Init@int_obj                     cstackBANK0  0000D5
Interrupt_INTx_Init@retVal                      cstackBANK0  0000D6
Interrupt_INTx_Pin_Init@int_obj                 cstackBANK0  0000D3
Interrupt_INTx_Pin_Init@retVal                  cstackBANK0  0000D4
Interrupt_INTx_SetInterruptHandler@int_obj      cstackBANK0  0000CB
Interrupt_INTx_SetInterruptHandler@retVal       cstackBANK0  0000CE
Interrupt_RBx_Disable@int_obj                   cstackCOMRAM 000068
Interrupt_RBx_Disable@retVal                    cstackCOMRAM 000069
Interrupt_RBx_Enable@int_obj                    cstackCOMRAM 000068
Interrupt_RBx_Enable@retVal                     cstackCOMRAM 000069
Interrupt_RBx_Init@int_obj                      cstackBANK0  0000D5
Interrupt_RBx_Init@retVal                       cstackBANK0  0000D6
Interrupt_RBx_Pin_Init@int_obj                  cstackBANK0  0000D3
Interrupt_RBx_Pin_Init@retVal                   cstackBANK0  0000D4
Interrupt_RBx_Priority_Init@int_obj             cstackCOMRAM 000068
Interrupt_RBx_Priority_Init@retVal              cstackCOMRAM 000069
RB4_ISR@RB4_Source                              cstackCOMRAM 000061
RB5_ISR@RB5_Source                              cstackCOMRAM 000061
RB6_ISR@RB6_Source                              cstackCOMRAM 000061
RB7_ISR@RB7_Source                              cstackCOMRAM 000061
Read_Bytes_From_DS1307_RTC@Address              cstackBANK0  0000CE
Read_Bytes_From_DS1307_RTC@NoOfBytes            cstackBANK0  0000CC
Read_Bytes_From_DS1307_RTC@i                    cstackBANK0  0000CF
Read_Bytes_From_DS1307_RTC@pData                cstackBANK0  0000CB
Timer0_Init@retVal                              cstackBANK0  0000CD
Timer0_Init@timer0                              cstackCOMRAM 00006A
Timer0_Mode_Select@timer0                       cstackCOMRAM 000068
Timer0_Prescaler_Config@timer0                  cstackCOMRAM 000068
Timer0_Register_Size_Config@timer0              cstackCOMRAM 000068
_ACKDT                                          (abs)        007E2D
_ACKEN                                          (abs)        007E2C
_ACKSTAT                                        (abs)        007E2E
_Data_EEPROM_Read_Byte                          text62       002EE6
_Data_EEPROM_Write_Byte                         text61       002EA0
_EEADR                                          (abs)        000FA9
_EEADRH                                         (abs)        000FAA
_EECON1bits                                     (abs)        000FA6
_EECON2                                         (abs)        000FA7
_EEDATA                                         (abs)        000FA8
_Get_DS1307_RTC_Time                            text13       002066
_I2C_ReStart                                    text21       00321C
_I2C_Read_Byte                                  text20       0031DE
_I2C_Send_ACK                                   text19       0031C8
_I2C_Send_NACK                                  text18       0031B2
_I2C_Start                                      text17       003208
_I2C_Stop                                       text16       0031F4
_I2C_Write_Byte                                 text15       003124
_INT0_ISR                                       text65       002FE4
_INT0_InterruptHandler                          bssCOMRAM    00001F
_INT0_ResetIneterruptHandler                    text67       003242
_INT0_SetInterruptHandler                       text37       003092
_INT1_CountUpIneterruptHandler                  text66       003160
_INT1_ISR                                       text64       002FB6
_INT1_InterruptHandler                          bssCOMRAM    00001D
_INT1_SetInterruptHandler                       text36       003068
_INT2_CountDownIneterruptHandler                text68       00317E
_INT2_ISR                                       text63       002F88
_INT2_InterruptHandler                          bssCOMRAM    00001B
_INT2_SetInterruptHandler                       text35       00303E
_INTCON2bits                                    (abs)        000FF1
_INTCON3bits                                    (abs)        000FF0
_INTCONbits                                     (abs)        000FF2
_InitI2C                                        text12       003230
_InterruptManagerHigh                           intcode      000008
_Interrupt_INTx_Clear_Flag                      text42       0027E0
_Interrupt_INTx_Disable                         text41       00276E
_Interrupt_INTx_Edge_Init                       text40       0016F6
_Interrupt_INTx_Enable                          text39       00250C
_Interrupt_INTx_Init                            text33       002A02
_Interrupt_INTx_Pin_Init                        text38       003012
_Interrupt_INTx_SetInterruptHandler             text34       0021BC
_Interrupt_RBx_Disable                          text32       003102
_Interrupt_RBx_Enable                           text31       0030E0
_Interrupt_RBx_Init                             text28       001A4C
_Interrupt_RBx_Pin_Init                         text30       002F5A
_Interrupt_RBx_Priority_Init                    text29       0030BC
_LATA                                           (abs)        000F89
_LATB                                           (abs)        000F8A
_LATC                                           (abs)        000F8B
_LATD                                           (abs)        000F8C
_LATE                                           (abs)        000F8D
_PEN                                            (abs)        007E2A
_PORTA                                          (abs)        000F80
_PORTB                                          (abs)        000F81
_PORTBbits                                      (abs)        000F81
_PORTC                                          (abs)        000F82
_PORTD                                          (abs)        000F83
_PORTE                                          (abs)        000F84
_RB0_PauseIneterruptHandler                     text59       001E2A
_RB1_ClockIneterruptHandler                     text60       003142
_RB4_ISR                                        text58       002D2A
_RB4_InterruptHandler_HIGH                      bssCOMRAM    000019
_RB4_InterruptHandler_LOW                       bssCOMRAM    000017
_RB4_flag                                       dataCOMRAM   000045
_RB5_ISR                                        text57       002CD6
_RB5_InterruptHandler_HIGH                      bssCOMRAM    000015
_RB5_InterruptHandler_LOW                       bssCOMRAM    000013
_RB5_flag                                       dataCOMRAM   000044
_RB6_ISR                                        text56       002C82
_RB6_InterruptHandler_HIGH                      bssCOMRAM    000011
_RB6_InterruptHandler_LOW                       bssCOMRAM    00000F
_RB6_flag                                       dataCOMRAM   000043
_RB7_ISR                                        text55       002C2E
_RB7_InterruptHandler_HIGH                      bssCOMRAM    00000D
_RB7_InterruptHandler_LOW                       bssCOMRAM    00000B
_RB7_flag                                       dataCOMRAM   000042
_RCEN                                           (abs)        007E2B
_RSEN                                           (abs)        007E29
_Read_Bytes_From_DS1307_RTC                     text14       00237E
_SEN                                            (abs)        007E28
_SSPADD                                         (abs)        000FC8
_SSPBUF                                         (abs)        000FC9
_SSPCON1                                        (abs)        000FC6
_SSPIF                                          (abs)        007CF3
_SSPSTAT                                        (abs)        000FC7
_T0CONbits                                      (abs)        000FD5
_TIMER0_IneterruptHandler                       text52       00147A
_TMR0H                                          (abs)        000FD7
_TMR0L                                          (abs)        000FD6
_TMR0_ISR                                       text51       002F24
_TMR0_InterruptHandler                          bssCOMRAM    000009
_TRISA                                          (abs)        000F92
_TRISB                                          (abs)        000F93
_TRISC                                          (abs)        000F94
_TRISC3                                         (abs)        007CA3
_TRISC4                                         (abs)        007CA4
_TRISD                                          (abs)        000F95
_TRISE                                          (abs)        000F96
_Temp                                           bssCOMRAM    000030
_Timer0_Init                                    text24       002264
_Timer0_Mode_Select                             text27       002404
_Timer0_Prescaler_Config                        text26       002ACA
_Timer0_Register_Size_Config                    text25       002DCA
__HRAM                                          (abs)        000000
__H__absolute__                                 __absolute__ 000000
__Habs1                                         abs1         000000
__Hbank0                                        bank0        000000
__Hbank1                                        bank1        000000
__Hbank10                                       bank10       000000
__Hbank11                                       bank11       000000
__Hbank12                                       bank12       000000
__Hbank13                                       bank13       000000
__Hbank14                                       bank14       000000
__Hbank15                                       bank15       000000
__Hbank2                                        bank2        000000
__Hbank3                                        bank3        000000
__Hbank4                                        bank4        000000
__Hbank5                                        bank5        000000
__Hbank6                                        bank6        000000
__Hbank7                                        bank7        000000
__Hbank8                                        bank8        000000
__Hbank9                                        bank9        000000
__Hbigbss                                       bigbss       000000
__Hbigdata                                      bigdata      000000
__Hbigram                                       bigram       000000
__Hbigsfr                                       bigsfr       000000
__Hbss                                          bss          000000
__HbssCOMRAM                                    bssCOMRAM    000000
__Hcinit                                        cinit        000000
__Hclrtext                                      clrtext      000000
__Hcomram                                       comram       000000
__Hconfig                                       config       30000E
__Hconst                                        const        000000
__HcstackBANK0                                  cstackBANK0  000000
__HcstackCOMRAM                                 cstackCOMRAM 000000
__Hdata                                         data         000000
__HdataBANK0                                    dataBANK0    000000
__HdataCOMRAM                                   dataCOMRAM   000000
__Heeprom_data                                  eeprom_data  000000
__Hfarbss                                       farbss       000000
__Hfardata                                      fardata      000000
__Hheap                                         heap         000000
__Hibigdata                                     ibigdata     000000
__Hidata                                        idata        000000
__HidataBANK0                                   idataBANK0   000000
__HidataCOMRAM                                  idataCOMRAM  000000
__Hidloc                                        idloc        000000
__Hifardata                                     ifardata     000000
__Hinit                                         init         000012
__Hintcode                                      intcode      00000E
__Hintcode_body                                 intcode_body 000000
__Hintcodelo                                    intcodelo    00000E
__Hintentry                                     intentry     000000
__Hintret                                       intret       000000
__Hintsave_regs                                 intsave_regs 000000
__Hirdata                                       irdata       000000
__Hmediumconst                                  mediumconst  000000
__HnvCOMRAM                                     nvCOMRAM     000000
__HnvFARRAM                                     nvFARRAM     000000
__Hnvbit                                        nvbit        000000
__Hnvrram                                       nvrram       000000
__Hparam                                        rparam       000000
__Hpowerup                                      powerup      00000E
__Hram                                          ram          000000
__Hramtop                                       ramtop       001000
__Hrbit                                         rbit         000000
__Hrbss                                         rbss         000000
__Hrdata                                        rdata        000000
__Hreset_vec                                    reset_vec    000004
__Hrparam                                       rparam       000000
__Hsfr                                          sfr          000000
__Hsivt_hi                                      sivt_hi      000000
__Hsivt_lo                                      sivt_lo      000000
__Hsmallconst                                   smallconst   001012
__Hspace_0                                      (abs)        00325A
__Hspace_1                                      (abs)        0000D9
__Hspace_2                                      (abs)        000000
__Hspace_4                                      (abs)        60000E
__Hstack                                        stack        000000
__Hstruct                                       struct       000000
__Htemp                                         temp         00006E
__Htext                                         text         000000
__Htext0                                        text0        000000
__Htext1                                        text1        000000
__Htext10                                       text10       000000
__Htext11                                       text11       000000
__Htext12                                       text12       000000
__Htext13                                       text13       000000
__Htext14                                       text14       000000
__Htext15                                       text15       000000
__Htext16                                       text16       000000
__Htext17                                       text17       000000
__Htext18                                       text18       000000
__Htext19                                       text19       000000
__Htext2                                        text2        000000
__Htext20                                       text20       000000
__Htext21                                       text21       000000
__Htext22                                       text22       000000
__Htext23                                       text23       000000
__Htext24                                       text24       000000
__Htext25                                       text25       000000
__Htext26                                       text26       000000
__Htext27                                       text27       000000
__Htext28                                       text28       000000
__Htext29                                       text29       000000
__Htext3                                        text3        000000
__Htext30                                       text30       000000
__Htext31                                       text31       000000
__Htext32                                       text32       000000
__Htext33                                       text33       000000
__Htext34                                       text34       000000
__Htext35                                       text35       000000
__Htext36                                       text36       000000
__Htext37                                       text37       000000
__Htext38                                       text38       000000
__Htext39                                       text39       000000
__Htext4                                        text4        000000
__Htext40                                       text40       000000
__Htext41                                       text41       000000
__Htext42                                       text42       000000
__Htext43                                       text43       000000
__Htext44                                       text44       000000
__Htext45                                       text45       000000
__Htext46                                       text46       000000
__Htext47                                       text47       000000
__Htext48                                       text48       000000
__Htext49                                       text49       000000
__Htext5                                        text5        000000
__Htext51                                       text51       000000
__Htext52                                       text52       000000
__Htext53                                       text53       000000
__Htext54                                       text54       000000
__Htext55                                       text55       000000
__Htext56                                       text56       000000
__Htext57                                       text57       000000
__Htext58                                       text58       000000
__Htext59                                       text59       000000
__Htext6                                        text6        000000
__Htext60                                       text60       000000
__Htext61                                       text61       000000
__Htext62                                       text62       000000
__Htext63                                       text63       000000
__Htext64                                       text64       000000
__Htext65                                       text65       000000
__Htext66                                       text66       000000
__Htext67                                       text67       000000
__Htext68                                       text68       000000
__Htext69                                       text69       000000
__Htext7                                        text7        000000
__Htext70                                       text70       000000
__Htext71                                       text71       000000
__Htext8                                        text8        000000
__Htext9                                        text9        000000
__LRAM                                          (abs)        000001
__L__absolute__                                 __absolute__ 000000
__Labs1                                         abs1         000000
__Lbank0                                        bank0        000000
__Lbank1                                        bank1        000000
__Lbank10                                       bank10       000000
__Lbank11                                       bank11       000000
__Lbank12                                       bank12       000000
__Lbank13                                       bank13       000000
__Lbank14                                       bank14       000000
__Lbank15                                       bank15       000000
__Lbank2                                        bank2        000000
__Lbank3                                        bank3        000000
__Lbank4                                        bank4        000000
__Lbank5                                        bank5        000000
__Lbank6                                        bank6        000000
__Lbank7                                        bank7        000000
__Lbank8                                        bank8        000000
__Lbank9                                        bank9        000000
__Lbigbss                                       bigbss       000000
__Lbigdata                                      bigdata      000000
__Lbigram                                       bigram       000000
__Lbigsfr                                       bigsfr       000000
__Lbss                                          bss          000000
__LbssCOMRAM                                    bssCOMRAM    000000
__Lcinit                                        cinit        000000
__Lclrtext                                      clrtext      000000
__Lcomram                                       comram       000000
__Lconfig                                       config       000000
__Lconst                                        const        000000
__LcstackBANK0                                  cstackBANK0  000000
__LcstackCOMRAM                                 cstackCOMRAM 000000
__Ldata                                         data         000000
__LdataBANK0                                    dataBANK0    000000
__LdataCOMRAM                                   dataCOMRAM   000000
__Leeprom_data                                  eeprom_data  000000
__Lfarbss                                       farbss       000000
__Lfardata                                      fardata      000000
__Lheap                                         heap         000000
__Libigdata                                     ibigdata     000000
__Lidata                                        idata        000000
__LidataBANK0                                   idataBANK0   000000
__LidataCOMRAM                                  idataCOMRAM  000000
__Lidloc                                        idloc        000000
__Lifardata                                     ifardata     000000
__Linit                                         init         00000E
__Lintcode                                      intcode      000008
__Lintcode_body                                 intcode_body 000000
__Lintcodelo                                    intcodelo    00000E
__Lintentry                                     intentry     000000
__Lintret                                       intret       000000
__Lintsave_regs                                 intsave_regs 000000
__Lirdata                                       irdata       000000
__Lmediumconst                                  mediumconst  000000
__LnvCOMRAM                                     nvCOMRAM     000000
__LnvFARRAM                                     nvFARRAM     000000
__Lnvbit                                        nvbit        000000
__Lnvrram                                       nvrram       000000
__Lparam                                        rparam       000000
__Lpowerup                                      powerup      00000E
__Lram                                          ram          000000
__Lramtop                                       ramtop       001000
__Lrbit                                         rbit         000000
__Lrbss                                         rbss         000000
__Lrdata                                        rdata        000000
__Lreset_vec                                    reset_vec    000000
__Lrparam                                       rparam       000000
__Lsfr                                          sfr          000000
__Lsivt_hi                                      sivt_hi      000000
__Lsivt_lo                                      sivt_lo      000000
__Lsmallconst                                   smallconst   001000
__Lspace_0                                      (abs)        000000
__Lspace_1                                      (abs)        000000
__Lspace_2                                      (abs)        000000
__Lspace_4                                      (abs)        000000
__Lstack                                        stack        000000
__Lstruct                                       struct       000000
__Ltemp                                         temp         00006D
__Ltext                                         text         000000
__Ltext0                                        text0        000000
__Ltext1                                        text1        000000
__Ltext10                                       text10       000000
__Ltext11                                       text11       000000
__Ltext12                                       text12       000000
__Ltext13                                       text13       000000
__Ltext14                                       text14       000000
__Ltext15                                       text15       000000
__Ltext16                                       text16       000000
__Ltext17                                       text17       000000
__Ltext18                                       text18       000000
__Ltext19                                       text19       000000
__Ltext2                                        text2        000000
__Ltext20                                       text20       000000
__Ltext21                                       text21       000000
__Ltext22                                       text22       000000
__Ltext23                                       text23       000000
__Ltext24                                       text24       000000
__Ltext25                                       text25       000000
__Ltext26                                       text26       000000
__Ltext27                                       text27       000000
__Ltext28                                       text28       000000
__Ltext29                                       text29       000000
__Ltext3                                        text3        000000
__Ltext30                                       text30       000000
__Ltext31                                       text31       000000
__Ltext32                                       text32       000000
__Ltext33                                       text33       000000
__Ltext34                                       text34       000000
__Ltext35                                       text35       000000
__Ltext36                                       text36       000000
__Ltext37                                       text37       000000
__Ltext38                                       text38       000000
__Ltext39                                       text39       000000
__Ltext4                                        text4        000000
__Ltext40                                       text40       000000
__Ltext41                                       text41       000000
__Ltext42                                       text42       000000
__Ltext43                                       text43       000000
__Ltext44                                       text44       000000
__Ltext45                                       text45       000000
__Ltext46                                       text46       000000
__Ltext47                                       text47       000000
__Ltext48                                       text48       000000
__Ltext49                                       text49       000000
__Ltext5                                        text5        000000
__Ltext51                                       text51       000000
__Ltext52                                       text52       000000
__Ltext53                                       text53       000000
__Ltext54                                       text54       000000
__Ltext55                                       text55       000000
__Ltext56                                       text56       000000
__Ltext57                                       text57       000000
__Ltext58                                       text58       000000
__Ltext59                                       text59       000000
__Ltext6                                        text6        000000
__Ltext60                                       text60       000000
__Ltext61                                       text61       000000
__Ltext62                                       text62       000000
__Ltext63                                       text63       000000
__Ltext64                                       text64       000000
__Ltext65                                       text65       000000
__Ltext66                                       text66       000000
__Ltext67                                       text67       000000
__Ltext68                                       text68       000000
__Ltext69                                       text69       000000
__Ltext7                                        text7        000000
__Ltext70                                       text70       000000
__Ltext71                                       text71       000000
__Ltext8                                        text8        000000
__Ltext9                                        text9        000000
__S0                                            (abs)        00325A
__S1                                            (abs)        0000D9
__S4                                            (abs)        000000
__S5                                            (abs)        000000
___awdiv                                        text3        001D64
___awdiv@counter                                cstackBANK0  0000CF
___awdiv@dividend                               cstackBANK0  0000CB
___awdiv@divisor                                cstackBANK0  0000CD
___awdiv@quotient                               cstackBANK0  0000D1
___awdiv@sign                                   cstackBANK0  0000D0
___awmod                                        text2        001FB4
___awmod@counter                                cstackCOMRAM 000068
___awmod@dividend                               cstackBANK0  0000CB
___awmod@divisor                                cstackBANK0  0000CD
___awmod@sign                                   cstackCOMRAM 000069
___heap_hi                                      (abs)        000000
___heap_lo                                      (abs)        000000
___inthi_sp                                     stack        000000
___inthi_stack_hi                               stack        000000
___inthi_stack_lo                               stack        000000
___intlo_sp                                     stack        000000
___intlo_stack_hi                               stack        000000
___intlo_stack_lo                               stack        000000
___param_bank                                   (abs)        000000
___rparam_used                                  (abs)        000001
___sp                                           stack        000000
___stack_hi                                     stack        000000
___stack_lo                                     stack        000000
__accesstop                                     (abs)        000080
__activetblptr                                  (abs)        000003
__end_of_Data_EEPROM_Read_Byte                  text62       002F24
__end_of_Data_EEPROM_Write_Byte                 text61       002EE6
__end_of_Get_DS1307_RTC_Time                    text13       002114
__end_of_I2C_ReStart                            text21       003230
__end_of_I2C_Read_Byte                          text20       0031F4
__end_of_I2C_Send_ACK                           text19       0031DE
__end_of_I2C_Send_NACK                          text18       0031C8
__end_of_I2C_Start                              text17       00321C
__end_of_I2C_Stop                               text16       003208
__end_of_I2C_Write_Byte                         text15       003142
__end_of_INT0_ISR                               text65       003012
__end_of_INT0_ResetIneterruptHandler            text67       003250
__end_of_INT0_SetInterruptHandler               text37       0030BC
__end_of_INT1_CountUpIneterruptHandler          text66       00317E
__end_of_INT1_ISR                               text64       002FE4
__end_of_INT1_SetInterruptHandler               text36       003092
__end_of_INT2_CountDownIneterruptHandler        text68       00319C
__end_of_INT2_ISR                               text63       002FB6
__end_of_INT2_SetInterruptHandler               text35       003068
__end_of_InitI2C                                text12       003242
__end_of_InterruptManagerHigh                   intcode_body 0012E8
__end_of_Interrupt_INTx_Clear_Flag              text42       002852
__end_of_Interrupt_INTx_Disable                 text41       0027E0
__end_of_Interrupt_INTx_Edge_Init               text40       001816
__end_of_Interrupt_INTx_Enable                  text39       00258A
__end_of_Interrupt_INTx_Init                    text33       002A68
__end_of_Interrupt_INTx_Pin_Init                text38       00303E
__end_of_Interrupt_INTx_SetInterruptHandler     text34       002264
__end_of_Interrupt_RBx_Disable                  text32       003124
__end_of_Interrupt_RBx_Enable                   text31       003102
__end_of_Interrupt_RBx_Init                     text28       001B60
__end_of_Interrupt_RBx_Pin_Init                 text30       002F88
__end_of_Interrupt_RBx_Priority_Init            text29       0030E0
__end_of_RB0_PauseIneterruptHandler             text59       001EF0
__end_of_RB1_ClockIneterruptHandler             text60       003160
__end_of_RB4_ISR                                text58       002D7E
__end_of_RB5_ISR                                text57       002D2A
__end_of_RB6_ISR                                text56       002CD6
__end_of_RB7_ISR                                text55       002C82
__end_of_Read_Bytes_From_DS1307_RTC             text14       002404
__end_of_TIMER0_IneterruptHandler               text52       0015D6
__end_of_TMR0_ISR                               text51       002F5A
__end_of_Timer0_Init                            text24       0022F6
__end_of_Timer0_Mode_Select                     text27       00248A
__end_of_Timer0_Prescaler_Config                text26       002B2C
__end_of_Timer0_Register_Size_Config            text25       002E14
__end_of___awdiv                                text3        001E2A
__end_of___awmod                                text2        002066
__end_of__initialization                        cinit        002B78
__end_of_application_initialize                 text22       00325A
__end_of_btn_values                             smallconst   001011
__end_of_ecu_layer_initialize                   text43       002604
__end_of_get_rtc_time                           text11       002E5A
__end_of_gpio_pin_direction_initialize          text49       001932
__end_of_gpio_pin_initialize                    text47       002A02
__end_of_gpio_pin_read_logic                    text8        0021BC
__end_of_gpio_pin_toggle_logic                  text54       00250C
__end_of_gpio_pin_write_logic                   text48       001A4C
__end_of_hours_display                          text9        002BD8
__end_of_keypad_get_value                       text7        001D64
__end_of_keypad_initialize                      text46       0028C2
__end_of_led_initialize                         text45       00267E
__end_of_led_toggle                             text53       00299A
__end_of_led_turn_off                           text70       00276E
__end_of_led_turn_on                            text69       0026F6
__end_of_main                                   text0        001FB4
__end_of_mcal_layer_initialize                  text23       002EA0
__end_of_minutes_display                        text6        002ACA
__end_of_seconds_display                        text5        002930
__end_of_set_alarm                              text4        0016F6
__end_of_seven_seg_display                      text1        00147A
__end_of_seven_segment_initialize               text44       002C2E
__end_of_seven_segment_write_number             text10       00237E
__end_ofi2_gpio_pin_write_logic                 text71       001C6A
__initialization                                cinit        002B2C
__mediumconst                                   mediumconst  000000
__pbssCOMRAM                                    bssCOMRAM    000001
__pcinit                                        cinit        002B2C
__pcstackBANK0                                  cstackBANK0  0000CB
__pcstackCOMRAM                                 cstackCOMRAM 000056
__pdataBANK0                                    dataBANK0    000080
__pdataCOMRAM                                   dataCOMRAM   000040
__pidataBANK0                                   idataBANK0   002D7E
__pidataCOMRAM                                  idataCOMRAM  00319C
__pintcode                                      intcode      000008
__pintcode_body                                 intcode_body 001012
__pnvCOMRAM                                     nvCOMRAM     00006B
__psmallconst                                   smallconst   001000
__ptext0                                        text0        001EF0
__ptext1                                        text1        0012E8
__ptext10                                       text10       0022F6
__ptext11                                       text11       002E14
__ptext12                                       text12       003230
__ptext13                                       text13       002066
__ptext14                                       text14       00237E
__ptext15                                       text15       003124
__ptext16                                       text16       0031F4
__ptext17                                       text17       003208
__ptext18                                       text18       0031B2
__ptext19                                       text19       0031C8
__ptext2                                        text2        001FB4
__ptext20                                       text20       0031DE
__ptext21                                       text21       00321C
__ptext22                                       text22       003250
__ptext23                                       text23       002E5A
__ptext24                                       text24       002264
__ptext25                                       text25       002DCA
__ptext26                                       text26       002ACA
__ptext27                                       text27       002404
__ptext28                                       text28       001A4C
__ptext29                                       text29       0030BC
__ptext3                                        text3        001D64
__ptext30                                       text30       002F5A
__ptext31                                       text31       0030E0
__ptext32                                       text32       003102
__ptext33                                       text33       002A02
__ptext34                                       text34       0021BC
__ptext35                                       text35       00303E
__ptext36                                       text36       003068
__ptext37                                       text37       003092
__ptext38                                       text38       003012
__ptext39                                       text39       00250C
__ptext4                                        text4        0015D6
__ptext40                                       text40       0016F6
__ptext41                                       text41       00276E
__ptext42                                       text42       0027E0
__ptext43                                       text43       00258A
__ptext44                                       text44       002BD8
__ptext45                                       text45       002604
__ptext46                                       text46       002852
__ptext47                                       text47       00299A
__ptext48                                       text48       001932
__ptext49                                       text49       001816
__ptext5                                        text5        0028C2
__ptext51                                       text51       002F24
__ptext52                                       text52       00147A
__ptext53                                       text53       002930
__ptext54                                       text54       00248A
__ptext55                                       text55       002C2E
__ptext56                                       text56       002C82
__ptext57                                       text57       002CD6
__ptext58                                       text58       002D2A
__ptext59                                       text59       001E2A
__ptext6                                        text6        002A68
__ptext60                                       text60       003142
__ptext61                                       text61       002EA0
__ptext62                                       text62       002EE6
__ptext63                                       text63       002F88
__ptext64                                       text64       002FB6
__ptext65                                       text65       002FE4
__ptext66                                       text66       003160
__ptext67                                       text67       003242
__ptext68                                       text68       00317E
__ptext69                                       text69       00267E
__ptext7                                        text7        001C6A
__ptext70                                       text70       0026F6
__ptext71                                       text71       001B60
__ptext8                                        text8        002114
__ptext9                                        text9        002B82
__ramtop                                        ramtop       001000
__smallconst                                    smallconst   001000
_alarm_hours                                    bssCOMRAM    000029
_alarm_minutes                                  bssCOMRAM    000028
_alarm_seconds                                  bssCOMRAM    000027
_application_initialize                         text22       003250
_btn_values                                     smallconst   001001
_buzzer                                         dataCOMRAM   00004B
_buzzer_led                                     dataCOMRAM   00004C
_clock_hours                                    bssCOMRAM    000026
_clock_led                                      dataCOMRAM   00004D
_clock_minutes                                  bssCOMRAM    000025
_clock_mode_int                                 dataBANK0    0000AD
_clock_seconds                                  bssCOMRAM    000024
_count_down_int                                 dataBANK0    0000B9
_count_up_int                                   dataBANK0    0000BF
_counter1                                       bssCOMRAM    000023
_counter2                                       bssCOMRAM    000022
_counter3                                       bssCOMRAM    000021
_ecu_layer_initialize                           text43       00258A
_get_rtc_time                                   text11       002E14
_gpio_pin_direction_initialize                  text49       001816
_gpio_pin_initialize                            text47       00299A
_gpio_pin_read_logic                            text8        002114
_gpio_pin_toggle_logic                          text54       00248A
_gpio_pin_write_logic                           text48       001932
_hours                                          bssCOMRAM    00003D
_hours_display                                  text9        002B82
_hours_input                                    bssCOMRAM    000005
_keypad                                         dataBANK0    00009E
_keypad_get_value                               text7        001C6A
_keypad_initialize                              text46       002852
_keypad_value                                   bssCOMRAM    000039
_lat_registers                                  dataBANK0    00008A
_led_initialize                                 text45       002604
_led_toggle                                     text53       002930
_led_turn_off                                   text70       0026F6
_led_turn_on                                    text69       00267E
_main                                           text0        001EF0
_mcal_layer_initialize                          text23       002E5A
_minutes                                        bssCOMRAM    00003E
_minutes_display                                text6        002A68
_minutes_input                                  bssCOMRAM    000003
_mode_status                                    dataCOMRAM   000040
_pRTCArray                                      bssCOMRAM    000035
_pause_flag                                     bssCOMRAM    00002B
_pause_resume_btn_state                         bssCOMRAM    00002A
_pause_resume_int                               dataBANK0    0000B3
_paused_hours                                   bssCOMRAM    00003C
_paused_minutes                                 bssCOMRAM    00003B
_paused_seconds                                 bssCOMRAM    00003A
_port_registers                                 dataBANK0    000080
_ptr                                            nvCOMRAM     00006B
_reset_int                                      dataBANK0    0000C5
_resume_flag                                    dataCOMRAM   000041
_seconds                                        bssCOMRAM    00003F
_seconds_display                                text5        0028C2
_seconds_input                                  bssCOMRAM    000001
_seg_enable_1                                   dataCOMRAM   000055
_seg_enable_2                                   dataCOMRAM   000054
_seg_enable_3                                   dataCOMRAM   000053
_seg_enable_4                                   dataCOMRAM   000052
_seg_enable_5                                   dataCOMRAM   000051
_seg_enable_6                                   dataCOMRAM   000050
_set_alarm                                      text4        0015D6
_seven_seg_display                              text1        0012E8
_seven_segment                                  dataCOMRAM   000046
_seven_segment_initialize                       text44       002BD8
_seven_segment_write_number                     text10       0022F6
_stopwatch_led                                  dataCOMRAM   00004F
_time                                           bssCOMRAM    000031
_timer                                          dataBANK0    0000A6
_timer0_preload                                 bssCOMRAM    000007
_timer_led                                      dataCOMRAM   00004E
_tris_registers                                 dataBANK0    000094
btemp                                           temp         00006D
end_of_initialization                           cinit        002B78
gpio_pin_direction_initialize@config            cstackCOMRAM 000068
gpio_pin_direction_initialize@retVal            cstackCOMRAM 000069
gpio_pin_initialize@config                      cstackBANK0  0000D0
gpio_pin_initialize@retVal                      cstackBANK0  0000D2
gpio_pin_read_logic@config                      cstackCOMRAM 000068
gpio_pin_read_logic@logic_status                cstackCOMRAM 000069
gpio_pin_read_logic@retVal                      cstackCOMRAM 00006A
gpio_pin_toggle_logic@config                    cstackCOMRAM 000056
gpio_pin_write_logic@config                     cstackCOMRAM 000068
gpio_pin_write_logic@logic_status               cstackCOMRAM 000069
gpio_pin_write_logic@retVal                     cstackCOMRAM 00006A
i2_gpio_pin_write_logic                         text71       001B60
i2gpio_pin_write_logic@config                   cstackCOMRAM 000056
i2gpio_pin_write_logic@logic_status             cstackCOMRAM 000057
int$flags                                       temp         00006D
int_func                                        intcode_body 001012
intlevel0                                       text         000000
intlevel1                                       text         000000
intlevel2                                       text         000000
intlevel3                                       text         000000
isa$std                                         (abs)        000001
isa$xinst                                       (abs)        000000
keypad_get_value@column_logic                   cstackBANK0  0000D4
keypad_get_value@columns_counter                cstackBANK0  0000D7
keypad_get_value@counter                        cstackBANK0  0000D5
keypad_get_value@pad                            cstackBANK0  0000D0
keypad_get_value@retVal                         cstackBANK0  0000D3
keypad_get_value@rows_counter                   cstackBANK0  0000D6
keypad_get_value@value                          cstackBANK0  0000D1
keypad_initialize@columns_counter               cstackBANK0  0000D6
keypad_initialize@pad                           cstackBANK0  0000D3
keypad_initialize@retVal                        cstackBANK0  0000D4
keypad_initialize@rows_counter                  cstackBANK0  0000D5
led_initialize@F3067                            bssCOMRAM    00002F
led_initialize@led                              cstackBANK0  0000D3
led_initialize@pin_obj                          cstackBANK0  0000D6
led_initialize@retVal                           cstackBANK0  0000D5
led_toggle@F3082                                bssCOMRAM    00002C
led_toggle@led                                  cstackCOMRAM 00005B
led_toggle@pin_obj                              cstackCOMRAM 00005D
led_turn_off@F3077                              bssCOMRAM    00002D
led_turn_off@led                                cstackCOMRAM 00005D
led_turn_off@pin_obj                            cstackCOMRAM 000060
led_turn_off@retVal                             cstackCOMRAM 00005F
led_turn_on@F3072                               bssCOMRAM    00002E
led_turn_on@led                                 cstackCOMRAM 00005D
led_turn_on@pin_obj                             cstackCOMRAM 000060
led_turn_on@retVal                              cstackCOMRAM 00005F
seven_seg_display@__hours                       cstackBANK0  0000D8
seven_seg_display@__minutes                     cstackBANK0  0000D6
seven_seg_display@__seconds                     cstackBANK0  0000D7
seven_segment_initialize@retVal                 cstackBANK0  0000D4
seven_segment_initialize@segment                cstackBANK0  0000D3
seven_segment_write_number@number               cstackBANK0  0000D4
seven_segment_write_number@retVal               cstackBANK0  0000D5
seven_segment_write_number@segment              cstackBANK0  0000D3
stackhi                                         (abs)        000000
stacklo                                         (abs)        000000
start                                           init         00000E
start_initialization                            cinit        002B2C
ttemp5                                          temp         00006E
ttemp6                                          temp         000071
ttemp7                                          temp         000075
wtemp8                                          temp         00006E


MODULE INFORMATION

Module		Function		Class		Link	Load	Size
ECU_Layer/7_Segment/ecu_seven_seg.c
		_seven_segment_initialize		CODE           	2BD8	0000	86
		_seven_segment_write_number		CODE           	22F6	0000	136

ECU_Layer/7_Segment/ecu_seven_seg.c estimated size: 222

ECU_Layer/KeyPad/ecu_keypad.c
		_keypad_get_value		CODE           	1C6A	0000	250
		_keypad_initialize		CODE           	2852	0000	112

ECU_Layer/KeyPad/ecu_keypad.c estimated size: 362

C:\Program Files\Microchip\xc8\v2.46\pic\sources\c99\common\awdiv.c
		___awdiv       		CODE           	1D64	0000	198

C:\Program Files\Microchip\xc8\v2.46\pic\sources\c99\common\awdiv.c estimated size: 198

MCAL_Layer/EEPROM/hal_eeprom.c
		_Data_EEPROM_Read_Byte		CODE           	2EE6	0000	62
		_Data_EEPROM_Write_Byte		CODE           	2EA0	0000	70

MCAL_Layer/EEPROM/hal_eeprom.c estimated size: 132

shared
		_btn_values    		SMALLCONST     	1001	0000	16
		__initialization		CODE           	2B2C	0000	76
		i2_gpio_pin_write_logic		CODE           	1B60	0000	266

shared estimated size: 358

MCAL_Layer/Interrupt/mcal_external_interrupt.c
		_Interrupt_RBx_Pin_Init		CODE           	2F5A	0000	46
		_INT0_SetInterruptHandler		CODE           	3092	0000	42
		_Interrupt_INTx_Clear_Flag		CODE           	27E0	0000	114
		_Interrupt_INTx_SetInterruptHandler		CODE           	21BC	0000	168
		_INT1_SetInterruptHandler		CODE           	3068	0000	42
		_Interrupt_INTx_Enable		CODE           	250C	0000	126
		_RB4_ISR       		CODE           	2D2A	0000	84
		_INT2_SetInterruptHandler		CODE           	303E	0000	42
		_RB5_ISR       		CODE           	2CD6	0000	84
		_RB6_ISR       		CODE           	2C82	0000	84
		_Interrupt_RBx_Disable		CODE           	3102	0000	34
		_RB7_ISR       		CODE           	2C2E	0000	84
		_Interrupt_INTx_Edge_Init		CODE           	16F6	0000	288
		_Interrupt_INTx_Init		CODE           	2A02	0000	102
		_Interrupt_INTx_Disable		CODE           	276E	0000	114
		_Interrupt_RBx_Priority_Init		CODE           	30BC	0000	36
		_Interrupt_RBx_Enable		CODE           	30E0	0000	34
		_INT0_ISR      		CODE           	2FE4	0000	46
		_Interrupt_INTx_Pin_Init		CODE           	3012	0000	44
		_Interrupt_RBx_Init		CODE           	1A4C	0000	276
		_INT1_ISR      		CODE           	2FB6	0000	46
		_INT2_ISR      		CODE           	2F88	0000	46

MCAL_Layer/Interrupt/mcal_external_interrupt.c estimated size: 1982

MCAL_Layer/mcal_layer_initialize.c
		_mcal_layer_initialize		CODE           	2E5A	0000	70

MCAL_Layer/mcal_layer_initialize.c estimated size: 70

MCAL_Layer/Interrupt/mcal_interrupt_manager.c
		_InterruptManagerHigh		CODE           	0008	0000	732

MCAL_Layer/Interrupt/mcal_interrupt_manager.c estimated size: 732

MCAL_Layer/GPIO/hal_gpio.c
		_gpio_pin_write_logic		CODE           	1932	0000	282
		_gpio_pin_read_logic		CODE           	2114	0000	168
		_gpio_pin_direction_initialize		CODE           	1816	0000	284
		_gpio_pin_toggle_logic		CODE           	248A	0000	130
		_gpio_pin_initialize		CODE           	299A	0000	104

MCAL_Layer/GPIO/hal_gpio.c estimated size: 968

ECU_Layer/LED/ecu_led.c
		_led_initialize		CODE           	2604	0000	122
		_led_turn_on   		CODE           	267E	0000	120
		_led_turn_off  		CODE           	26F6	0000	120
		_led_toggle    		CODE           	2930	0000	106

ECU_Layer/LED/ecu_led.c estimated size: 468

MCAL_Layer/I2C/i2c.c
		_I2C_Stop      		CODE           	31F4	0000	20
		_InitI2C       		CODE           	3230	0000	18
		_I2C_Write_Byte		CODE           	3124	0000	30
		_I2C_Read_Byte 		CODE           	31DE	0000	22
		_I2C_Send_ACK  		CODE           	31C8	0000	22
		_I2C_Send_NACK 		CODE           	31B2	0000	22
		_I2C_Start     		CODE           	3208	0000	20
		_I2C_ReStart   		CODE           	321C	0000	20

MCAL_Layer/I2C/i2c.c estimated size: 174

ECU_Layer/ecu_layer_initialize.c
		_ecu_layer_initialize		CODE           	258A	0000	122

ECU_Layer/ecu_layer_initialize.c estimated size: 122

ECU_Layer/DS1307/ds1307.c
		_Read_Bytes_From_DS1307_RTC		CODE           	237E	0000	134
		_Get_DS1307_RTC_Time		CODE           	2066	0000	174

ECU_Layer/DS1307/ds1307.c estimated size: 308

C:\Program Files\Microchip\xc8\v2.46\pic\sources\c99\common\awmod.c
		___awmod       		CODE           	1FB4	0000	178

C:\Program Files\Microchip\xc8\v2.46\pic\sources\c99\common\awmod.c estimated size: 178

application.c
		_RB1_ClockIneterruptHandler		CODE           	3142	0000	30
		_get_rtc_time  		CODE           	2E14	0000	70
		_set_alarm     		CODE           	15D6	0000	288
		_TIMER0_IneterruptHandler		CODE           	147A	0000	348
		_application_initialize		CODE           	3250	0000	10
		_main          		CODE           	1EF0	0000	196
		_seconds_display		CODE           	28C2	0000	110
		_seven_seg_display		CODE           	12E8	0000	402
		_INT0_ResetIneterruptHandler		CODE           	3242	0000	14
		_INT2_CountDownIneterruptHandler		CODE           	317E	0000	30
		_RB0_PauseIneterruptHandler		CODE           	1E2A	0000	198
		_INT1_CountUpIneterruptHandler		CODE           	3160	0000	30
		_minutes_display		CODE           	2A68	0000	98
		_hours_display 		CODE           	2B82	0000	86

application.c estimated size: 1910

MCAL_Layer/Timer0/hal_timer0.c
		_Timer0_Register_Size_Config		CODE           	2DCA	0000	74
		_Timer0_Init   		CODE           	2264	0000	146
		_Timer0_Prescaler_Config		CODE           	2ACA	0000	98
		_Timer0_Mode_Select		CODE           	2404	0000	134
		_TMR0_ISR      		CODE           	2F24	0000	54

MCAL_Layer/Timer0/hal_timer0.c estimated size: 506

