Microchip MPLAB XC8 Compiler V2.46

Linker command line:

-W-3 \
  --edf=C:\Program Files\Microchip\xc8\v2.46\pic\dat\20240104201356_en.msgs \
  -cn -h+dist/default/debug\Stop_Watch.debug.sym \
  --cmf=dist/default/debug\Stop_Watch.debug.cmf -z -Q18F4620 \
  -oC:\Users\Dell\AppData\Local\Temp\xcAslpk.\driver_tmp_3.o \
  --defsym=__MPLAB_BUILD=1 --fixupoverflow=error \
  -Mdist/default/debug/Stop_Watch.debug.map \
  --md=C:\Users\Dell\AppData\Local\Temp\xcAslpk.\driver_tmp_0.dat -E1 \
  -ver=XC8 Compiler --acfsm=1493 -ACODE=00h-0FFFFh -ACONST=00h-0FFFFh \
  -ASMALLCONST=01000h-010FFhx240 -AMEDIUMCONST=01000h-0FFFFh \
  -ACOMRAM=01h-07Fh -AABS1=00h-0F7Fh -ABIGRAM=01h-0F7Fh \
  -ARAM=080h-0FFh,0100h-01FFhx14,0F00h-0F7Fh -ABANK0=080h-0FFh \
  -ABANK1=0100h-01FFh -ABANK2=0200h-02FFh -ABANK3=0300h-03FFh \
  -ABANK4=0400h-04FFh -ABANK5=0500h-05FFh -ABANK6=0600h-06FFh \
  -ABANK7=0700h-07FFh -ABANK8=0800h-08FFh -ABANK9=0900h-09FFh \
  -ABANK10=0A00h-0AFFh -ABANK11=0B00h-0BFFh -ABANK12=0C00h-0CFFh \
  -ABANK13=0D00h-0DFFh -ABANK14=0E00h-0EFFh -ABANK15=0F00h-0F7Fh \
  -ASFR=0F80h-0FFFh -ABIGSFR=0F80h-0FFFh -ACONFIG=0300000h-030000Dh \
  -AIDLOC=0200000h-0200007h -AEEDATA=0F00000h-0F003FFh -peeprom_data=EEDATA \
  -preset_vec=00h,intcode=8h,intcodelo,powerup,init -pramtop=01000h \
  -psmallconst=SMALLCONST -pmediumconst=MEDIUMCONST -pconst=CONST \
  -AFARRAM=00h-00h \
  -prdata=COMRAM,nvrram=COMRAM,nvbit=COMRAM,rbss=COMRAM,rbit=COMRAM \
  -pfarbss=FARRAM,fardata=FARRAM,nvFARRAM=FARRAM \
  -pintsave_regs=BIGRAM,bigbss=BIGRAM,bigdata=BIGRAM -pbss=RAM \
  -pidata=CODE,irdata=CODE,ibigdata=CODE,ifardata=CODE -prparam=COMRAM \
  C:\Users\Dell\AppData\Local\Temp\xcAslpk.\driver_tmp_9.o \
  dist/default/debug\Stop_Watch.debug.o 

Object code version is 3.11

Machine type is 18F4620



                Name                               Link     Load   Length Selector   Space Scale
C:\Users\Dell\AppData\Local\Temp\xcAslpk.\driver_tmp_9.o
                config                           300000   300000        E        0       4
                init                                  E        E        4        4       0
                reset_vec                             0        0        4        0       0
dist/default/debug\Stop_Watch.debug.o
                intcode                               8        8        6        4       0
                config                           300000   300000        E        0       4
                temp                                 6D       6D        1        1       1
                smallconst                         1000     1000       12      800       0
                text71                             1B78     1B78      10A      809       0
                text70                             270E     270E       78      809       0
                text69                             2696     2696       78      809       0
                text68                             3196     3196       1E     16F1       0
                text67                             325A     325A        E     16F1       0
                text66                             3178     3178       1E     16F1       0
                text65                             2FFC     2FFC       2E     16F1       0
                text64                             2FCE     2FCE       2E     16F1       0
                text63                             2FA0     2FA0       2E     16F1       0
                text62                             2EFE     2EFE       3E     16F1       0
                text61                             2EB8     2EB8       46     16F1       0
                text60                             315A     315A       1E     16F1       0
                text59                             1E42     1E42       C6      809       0
                text58                             2D42     2D42       54      809       0
                text57                             2CEE     2CEE       54      809       0
                text56                             2C9A     2C9A       54      809       0
                text55                             2C46     2C46       54      809       0
                text54                             24A2     24A2       82      809       0
                text53                             2948     2948       6A      809       0
                text52                             147A     147A      15C      809       0
                text51                             2F3C     2F3C       36     16F1       0
                intcode_body                       1012     1012      2D6      809       0
                text49                             182E     182E      11C      809       0
                text48                             194A     194A      11A      809       0
                text47                             29B2     29B2       68      809       0
                text46                             286A     286A       70      809       0
                text45                             261C     261C       7A      809       0
                text44                             2BF0     2BF0       56      809       0
                text43                             25A2     25A2       7A      809       0
                text42                             27F8     27F8       72      809       0
                text41                             2786     2786       72      809       0
                text40                             170E     170E      120      809       0
                text39                             2524     2524       7E      809       0
                text38                             302A     302A       2C     16F1       0
                text37                             30AA     30AA       2A     16F1       0
                text36                             3080     3080       2A     16F1       0
                text35                             3056     3056       2A     16F1       0
                text34                             21D4     21D4       A8      809       0
                text33                             2A1A     2A1A       66      809       0
                text32                             311A     311A       22     16F1       0
                text31                             30F8     30F8       22     16F1       0
                text30                             2F72     2F72       2E     16F1       0
                text29                             30D4     30D4       24     16F1       0
                text28                             1A64     1A64      114      809       0
                text27                             241C     241C       86      809       0
                text26                             2AE2     2AE2       62      809       0
                text25                             2DE2     2DE2       4A     16F1       0
                text24                             227C     227C       92      809       0
                text23                             2E72     2E72       46     16F1       0
                text22                             3268     3268        A     16F1       0
                text21                             3234     3234       14     16F1       0
                text20                             31F6     31F6       16     16F1       0
                text19                             31E0     31E0       16     16F1       0
                text18                             31CA     31CA       16     16F1       0
                text17                             3220     3220       14     16F1       0
                text16                             320C     320C       14     16F1       0
                text15                             313C     313C       1E     16F1       0
                text14                             2396     2396       86      809       0
                text13                             207E     207E       AE      809       0
                text12                             3248     3248       12     16F1       0
                text11                             2E2C     2E2C       46     16F1       0
                text10                             230E     230E       88      809       0
                text9                              2B9A     2B9A       56      809       0
                text8                              212C     212C       A8      809       0
                text7                              1C82     1C82       FA      809       0
                text6                              2A80     2A80       62      809       0
                text5                              28DA     28DA       6E      809       0
                text4                              15D6     15D6      138      809       0
                text3                              1D7C     1D7C       C6      809       0
                text2                              1FCC     1FCC       B2      809       0
                text1                              12E8     12E8      192      809       0
                text0                              1F08     1F08       C4      809       0
                cstackCOMRAM                         56       56       15        1       1
                cstackBANK0                          CB       CB        E       80       1
                dataBANK0                            80       80       4B       80       1
                dataCOMRAM                           40       40       16        1       1
                bssCOMRAM                             1        1       3F        1       1
                cinit                              2B44     2B44       56      809       0
                nvCOMRAM                             6B       6B        2        1       1
                idataBANK0                         2D96     2D96       4B      809       0
                idataCOMRAM                        31B4     31B4       16     16F1       0

TOTAL           Name                               Link     Load   Length     Space
        CLASS   CODE           
                intcode                               8        8        6         0
                init                                  E        E        4         0
                reset_vec                             0        0        4         0
                text71                             1B78     1B78      10A         0
                text70                             270E     270E       78         0
                text69                             2696     2696       78         0
                text68                             3196     3196       1E         0
                text67                             325A     325A        E         0
                text66                             3178     3178       1E         0
                text65                             2FFC     2FFC       2E         0
                text64                             2FCE     2FCE       2E         0
                text63                             2FA0     2FA0       2E         0
                text62                             2EFE     2EFE       3E         0
                text61                             2EB8     2EB8       46         0
                text60                             315A     315A       1E         0
                text59                             1E42     1E42       C6         0
                text58                             2D42     2D42       54         0
                text57                             2CEE     2CEE       54         0
                text56                             2C9A     2C9A       54         0
                text55                             2C46     2C46       54         0
                text54                             24A2     24A2       82         0
                text53                             2948     2948       6A         0
                text52                             147A     147A      15C         0
                text51                             2F3C     2F3C       36         0
                intcode_body                       1012     1012      2D6         0
                text49                             182E     182E      11C         0
                text48                             194A     194A      11A         0
                text47                             29B2     29B2       68         0
                text46                             286A     286A       70         0
                text45                             261C     261C       7A         0
                text44                             2BF0     2BF0       56         0
                text43                             25A2     25A2       7A         0
                text42                             27F8     27F8       72         0
                text41                             2786     2786       72         0
                text40                             170E     170E      120         0
                text39                             2524     2524       7E         0
                text38                             302A     302A       2C         0
                text37                             30AA     30AA       2A         0
                text36                             3080     3080       2A         0
                text35                             3056     3056       2A         0
                text34                             21D4     21D4       A8         0
                text33                             2A1A     2A1A       66         0
                text32                             311A     311A       22         0
                text31                             30F8     30F8       22         0
                text30                             2F72     2F72       2E         0
                text29                             30D4     30D4       24         0
                text28                             1A64     1A64      114         0
                text27                             241C     241C       86         0
                text26                             2AE2     2AE2       62         0
                text25                             2DE2     2DE2       4A         0
                text24                             227C     227C       92         0
                text23                             2E72     2E72       46         0
                text22                             3268     3268        A         0
                text21                             3234     3234       14         0
                text20                             31F6     31F6       16         0
                text19                             31E0     31E0       16         0
                text18                             31CA     31CA       16         0
                text17                             3220     3220       14         0
                text16                             320C     320C       14         0
                text15                             313C     313C       1E         0
                text14                             2396     2396       86         0
                text13                             207E     207E       AE         0
                text12                             3248     3248       12         0
                text11                             2E2C     2E2C       46         0
                text10                             230E     230E       88         0
                text9                              2B9A     2B9A       56         0
                text8                              212C     212C       A8         0
                text7                              1C82     1C82       FA         0
                text6                              2A80     2A80       62         0
                text5                              28DA     28DA       6E         0
                text4                              15D6     15D6      138         0
                text3                              1D7C     1D7C       C6         0
                text2                              1FCC     1FCC       B2         0
                text1                              12E8     12E8      192         0
                text0                              1F08     1F08       C4         0
                cinit                              2B44     2B44       56         0
                idataBANK0                         2D96     2D96       4B         0
                idataCOMRAM                        31B4     31B4       16         0

        CLASS   CONST          

        CLASS   SMALLCONST     
                smallconst                         1000     1000       12         0

        CLASS   MEDIUMCONST    

        CLASS   COMRAM         
                temp                                 6D       6D        1         1
                cstackCOMRAM                         56       56       15         1
                dataCOMRAM                           40       40       16         1
                bssCOMRAM                             1        1       3F         1
                nvCOMRAM                             6B       6B        2         1

        CLASS   ABS1           

        CLASS   BIGRAM         

        CLASS   RAM            

        CLASS   BANK0          
                cstackBANK0                          CB       CB        E         1
                dataBANK0                            80       80       4B         1

        CLASS   BANK1          

        CLASS   BANK2          

        CLASS   BANK3          

        CLASS   BANK4          

        CLASS   BANK5          

        CLASS   BANK6          

        CLASS   BANK7          

        CLASS   BANK8          

        CLASS   BANK9          

        CLASS   BANK10         

        CLASS   BANK11         

        CLASS   BANK12         

        CLASS   BANK13         

        CLASS   BANK14         

        CLASS   BANK15         

        CLASS   SFR            

        CLASS   BIGSFR         

        CLASS   CONFIG         
                config                           300000   300000        E         4

        CLASS   IDLOC          

        CLASS   EEDATA         

        CLASS   FARRAM         

        CLASS   HEAP           

        CLASS   STACK          



SEGMENTS        Name                           Load    Length   Top    Selector   Space  Class

                reset_vec                      000000  000004  000004         0       0  CODE    
                bssCOMRAM                      000001  00006D  00006E         1       1  COMRAM  
                intcode                        000008  00000A  000012         4       0  CODE    
                dataBANK0                      000080  000059  0000D9        80       1  BANK0   
                smallconst                     001000  000012  001012       800       0  SMALLCON
                intcode_body                   001012  001DCF  002DE1       809       0  CODE    
                text25                         002DE2  000490  003272      16F1       0  CODE    


UNUSED ADDRESS RANGES

        Name                Unused          Largest block    Delta
        BANK0            0000D9-0000FF               27
        BANK1            000100-0001FF              100
        BANK10           000A00-000AFF              100
        BANK11           000B00-000BFF              100
        BANK12           000C00-000CFF              100
        BANK13           000D00-000DFF              100
        BANK14           000E00-000EFF              100
        BANK15           000F00-000F7F               80
        BANK2            000200-0002FF              100
        BANK3            000300-0003FF              100
        BANK4            000400-0004FF              100
        BANK5            000500-0005FF              100
        BANK6            000600-0006FF              100
        BANK7            000700-0007FF              100
        BANK8            000800-0008FF              100
        BANK9            000900-0009FF              100
        BIGRAM           00006E-00007F               12
                         0000D9-000F7F              EA7
        BIGSFR           000F80-000FFF               80
        CODE             000004-000007                4
                         000012-000FFF              FEE
                         002DE1-002DE1                1
                         003272-00FFFF             CD8E
        COMRAM           00006E-00007F               12
        CONST            000004-000007                4
                         000012-000FFF              FEE
                         002DE1-002DE1                1
                         003272-00FFFF             CD8E
        EEDATA           F00000-F003FF              400
        IDLOC            200000-200007                8
        MEDIUMCONST      002DE1-002DE1                1
                         003272-00FFFF             CD8E
        RAM              0000D9-000F7F              100
        SFR              000F80-000FFF               80
        SMALLCONST       002DE1-002DE1                1
                         003272-00FFFF              100

                                  Symbol Table

?___awdiv                                       cstackBANK0  0000CB
?___awmod                                       cstackBANK0  0000CB
Data_EEPROM_Read_Byte@bADD                      cstackCOMRAM 000056
Data_EEPROM_Read_Byte@bData                     cstackCOMRAM 000058
Data_EEPROM_Read_Byte@retVal                    cstackCOMRAM 000059
Data_EEPROM_Write_Byte@General_Interrupt_Status cstackCOMRAM 000059
Data_EEPROM_Write_Byte@bADD                     cstackCOMRAM 000056
Data_EEPROM_Write_Byte@bData                    cstackCOMRAM 000058
I2C_Write_Byte@Byte                             cstackCOMRAM 000068
INT0_SetInterruptHandler@InterruptHandler       cstackCOMRAM 000068
INT0_SetInterruptHandler@retVal                 cstackCOMRAM 00006A
INT1_SetInterruptHandler@InterruptHandler       cstackCOMRAM 000068
INT1_SetInterruptHandler@retVal                 cstackCOMRAM 00006A
INT2_SetInterruptHandler@InterruptHandler       cstackCOMRAM 000068
INT2_SetInterruptHandler@retVal                 cstackCOMRAM 00006A
Interrupt_INTx_Clear_Flag@int_obj               cstackCOMRAM 000068
Interrupt_INTx_Clear_Flag@retVal                cstackBANK0  0000CB
Interrupt_INTx_Disable@int_obj                  cstackCOMRAM 000068
Interrupt_INTx_Disable@retVal                   cstackBANK0  0000CB
Interrupt_INTx_Edge_Init@int_obj                cstackCOMRAM 000068
Interrupt_INTx_Edge_Init@retVal                 cstackBANK0  0000CB
Interrupt_INTx_Enable@int_obj                   cstackCOMRAM 000068
Interrupt_INTx_Enable@retVal                    cstackBANK0  0000CB
Interrupt_INTx_Init@int_obj                     cstackBANK0  0000D5
Interrupt_INTx_Init@retVal                      cstackBANK0  0000D6
Interrupt_INTx_Pin_Init@int_obj                 cstackBANK0  0000D3
Interrupt_INTx_Pin_Init@retVal                  cstackBANK0  0000D4
Interrupt_INTx_SetInterruptHandler@int_obj      cstackBANK0  0000CB
Interrupt_INTx_SetInterruptHandler@retVal       cstackBANK0  0000CE
Interrupt_RBx_Disable@int_obj                   cstackCOMRAM 000068
Interrupt_RBx_Disable@retVal                    cstackCOMRAM 000069
Interrupt_RBx_Enable@int_obj                    cstackCOMRAM 000068
Interrupt_RBx_Enable@retVal                     cstackCOMRAM 000069
Interrupt_RBx_Init@int_obj                      cstackBANK0  0000D5
Interrupt_RBx_Init@retVal                       cstackBANK0  0000D6
Interrupt_RBx_Pin_Init@int_obj                  cstackBANK0  0000D3
Interrupt_RBx_Pin_Init@retVal                   cstackBANK0  0000D4
Interrupt_RBx_Priority_Init@int_obj             cstackCOMRAM 000068
Interrupt_RBx_Priority_Init@retVal              cstackCOMRAM 000069
RB4_ISR@RB4_Source                              cstackCOMRAM 000061
RB5_ISR@RB5_Source                              cstackCOMRAM 000061
RB6_ISR@RB6_Source                              cstackCOMRAM 000061
RB7_ISR@RB7_Source                              cstackCOMRAM 000061
Read_Bytes_From_DS1307_RTC@Address              cstackBANK0  0000CE
Read_Bytes_From_DS1307_RTC@NoOfBytes            cstackBANK0  0000CC
Read_Bytes_From_DS1307_RTC@i                    cstackBANK0  0000CF
Read_Bytes_From_DS1307_RTC@pData                cstackBANK0  0000CB
Timer0_Init@retVal                              cstackBANK0  0000CD
Timer0_Init@timer0                              cstackCOMRAM 00006A
Timer0_Mode_Select@timer0                       cstackCOMRAM 000068
Timer0_Prescaler_Config@timer0                  cstackCOMRAM 000068
Timer0_Register_Size_Config@timer0              cstackCOMRAM 000068
_ACKDT                                          (abs)        007E2D
_ACKEN                                          (abs)        007E2C
_ACKSTAT                                        (abs)        007E2E
_Data_EEPROM_Read_Byte                          text62       002EFE
_Data_EEPROM_Write_Byte                         text61       002EB8
_EEADR                                          (abs)        000FA9
_EEADRH                                         (abs)        000FAA
_EECON1bits                                     (abs)        000FA6
_EECON2                                         (abs)        000FA7
_EEDATA                                         (abs)        000FA8
_Get_DS1307_RTC_Time                            text13       00207E
_I2C_ReStart                                    text21       003234
_I2C_Read_Byte                                  text20       0031F6
_I2C_Send_ACK                                   text19       0031E0
_I2C_Send_NACK                                  text18       0031CA
_I2C_Start                                      text17       003220
_I2C_Stop                                       text16       00320C
_I2C_Write_Byte                                 text15       00313C
_INT0_ISR                                       text65       002FFC
_INT0_InterruptHandler                          bssCOMRAM    00001F
_INT0_ResetIneterruptHandler                    text67       00325A
_INT0_SetInterruptHandler                       text37       0030AA
_INT1_CountUpIneterruptHandler                  text66       003178
_INT1_ISR                                       text64       002FCE
_INT1_InterruptHandler                          bssCOMRAM    00001D
_INT1_SetInterruptHandler                       text36       003080
_INT2_CountDownIneterruptHandler                text68       003196
_INT2_ISR                                       text63       002FA0
_INT2_InterruptHandler                          bssCOMRAM    00001B
_INT2_SetInterruptHandler                       text35       003056
_INTCON2bits                                    (abs)        000FF1
_INTCON3bits                                    (abs)        000FF0
_INTCONbits                                     (abs)        000FF2
_InitI2C                                        text12       003248
_InterruptManagerHigh                           intcode      000008
_Interrupt_INTx_Clear_Flag                      text42       0027F8
_Interrupt_INTx_Disable                         text41       002786
_Interrupt_INTx_Edge_Init                       text40       00170E
_Interrupt_INTx_Enable                          text39       002524
_Interrupt_INTx_Init                            text33       002A1A
_Interrupt_INTx_Pin_Init                        text38       00302A
_Interrupt_INTx_SetInterruptHandler             text34       0021D4
_Interrupt_RBx_Disable                          text32       00311A
_Interrupt_RBx_Enable                           text31       0030F8
_Interrupt_RBx_Init                             text28       001A64
_Interrupt_RBx_Pin_Init                         text30       002F72
_Interrupt_RBx_Priority_Init                    text29       0030D4
_LATA                                           (abs)        000F89
_LATB                                           (abs)        000F8A
_LATC                                           (abs)        000F8B
_LATD                                           (abs)        000F8C
_LATE                                           (abs)        000F8D
_PEN                                            (abs)        007E2A
_PORTA                                          (abs)        000F80
_PORTB                                          (abs)        000F81
_PORTBbits                                      (abs)        000F81
_PORTC                                          (abs)        000F82
_PORTD                                          (abs)        000F83
_PORTE                                          (abs)        000F84
_RB0_PauseIneterruptHandler                     text59       001E42
_RB1_ClockIneterruptHandler                     text60       00315A
_RB4_ISR                                        text58       002D42
_RB4_InterruptHandler_HIGH                      bssCOMRAM    000019
_RB4_InterruptHandler_LOW                       bssCOMRAM    000017
_RB4_flag                                       dataCOMRAM   000045
_RB5_ISR                                        text57       002CEE
_RB5_InterruptHandler_HIGH                      bssCOMRAM    000015
_RB5_InterruptHandler_LOW                       bssCOMRAM    000013
_RB5_flag                                       dataCOMRAM   000044
_RB6_ISR                                        text56       002C9A
_RB6_InterruptHandler_HIGH                      bssCOMRAM    000011
_RB6_InterruptHandler_LOW                       bssCOMRAM    00000F
_RB6_flag                                       dataCOMRAM   000043
_RB7_ISR                                        text55       002C46
_RB7_InterruptHandler_HIGH                      bssCOMRAM    00000D
_RB7_InterruptHandler_LOW                       bssCOMRAM    00000B
_RB7_flag                                       dataCOMRAM   000042
_RCEN                                           (abs)        007E2B
_RSEN                                           (abs)        007E29
_Read_Bytes_From_DS1307_RTC                     text14       002396
_SEN                                            (abs)        007E28
_SSPADD                                         (abs)        000FC8
_SSPBUF                                         (abs)        000FC9
_SSPCON1                                        (abs)        000FC6
_SSPIF                                          (abs)        007CF3
_SSPSTAT                                        (abs)        000FC7
_T0CONbits                                      (abs)        000FD5
_TIMER0_IneterruptHandler                       text52       00147A
_TMR0H                                          (abs)        000FD7
_TMR0L                                          (abs)        000FD6
_TMR0_ISR                                       text51       002F3C
_TMR0_InterruptHandler                          bssCOMRAM    000009
_TRISA                                          (abs)        000F92
_TRISB                                          (abs)        000F93
_TRISC                                          (abs)        000F94
_TRISC3                                         (abs)        007CA3
_TRISC4                                         (abs)        007CA4
_TRISD                                          (abs)        000F95
_TRISE                                          (abs)        000F96
_Temp                                           bssCOMRAM    000021
_Timer0_Init                                    text24       00227C
_Timer0_Mode_Select                             text27       00241C
_Timer0_Prescaler_Config                        text26       002AE2
_Timer0_Register_Size_Config                    text25       002DE2
__HRAM                                          (abs)        000000
__H__absolute__                                 __absolute__ 000000
__Habs1                                         abs1         000000
__Hbank0                                        bank0        000000
__Hbank1                                        bank1        000000
__Hbank10                                       bank10       000000
__Hbank11                                       bank11       000000
__Hbank12                                       bank12       000000
__Hbank13                                       bank13       000000
__Hbank14                                       bank14       000000
__Hbank15                                       bank15       000000
__Hbank2                                        bank2        000000
__Hbank3                                        bank3        000000
__Hbank4                                        bank4        000000
__Hbank5                                        bank5        000000
__Hbank6                                        bank6        000000
__Hbank7                                        bank7        000000
__Hbank8                                        bank8        000000
__Hbank9                                        bank9        000000
__Hbigbss                                       bigbss       000000
__Hbigdata                                      bigdata      000000
__Hbigram                                       bigram       000000
__Hbigsfr                                       bigsfr       000000
__Hbss                                          bss          000000
__HbssCOMRAM                                    bssCOMRAM    000000
__Hcinit                                        cinit        000000
__Hclrtext                                      clrtext      000000
__Hcomram                                       comram       000000
__Hconfig                                       config       30000E
__Hconst                                        const        000000
__HcstackBANK0                                  cstackBANK0  000000
__HcstackCOMRAM                                 cstackCOMRAM 000000
__Hdata                                         data         000000
__HdataBANK0                                    dataBANK0    000000
__HdataCOMRAM                                   dataCOMRAM   000000
__Heeprom_data                                  eeprom_data  000000
__Hfarbss                                       farbss       000000
__Hfardata                                      fardata      000000
__Hheap                                         heap         000000
__Hibigdata                                     ibigdata     000000
__Hidata                                        idata        000000
__HidataBANK0                                   idataBANK0   000000
__HidataCOMRAM                                  idataCOMRAM  000000
__Hidloc                                        idloc        000000
__Hifardata                                     ifardata     000000
__Hinit                                         init         000012
__Hintcode                                      intcode      00000E
__Hintcode_body                                 intcode_body 000000
__Hintcodelo                                    intcodelo    00000E
__Hintentry                                     intentry     000000
__Hintret                                       intret       000000
__Hintsave_regs                                 intsave_regs 000000
__Hirdata                                       irdata       000000
__Hmediumconst                                  mediumconst  000000
__HnvCOMRAM                                     nvCOMRAM     000000
__HnvFARRAM                                     nvFARRAM     000000
__Hnvbit                                        nvbit        000000
__Hnvrram                                       nvrram       000000
__Hparam                                        rparam       000000
__Hpowerup                                      powerup      00000E
__Hram                                          ram          000000
__Hramtop                                       ramtop       001000
__Hrbit                                         rbit         000000
__Hrbss                                         rbss         000000
__Hrdata                                        rdata        000000
__Hreset_vec                                    reset_vec    000004
__Hrparam                                       rparam       000000
__Hsfr                                          sfr          000000
__Hsivt_hi                                      sivt_hi      000000
__Hsivt_lo                                      sivt_lo      000000
__Hsmallconst                                   smallconst   001012
__Hspace_0                                      (abs)        003272
__Hspace_1                                      (abs)        0000D9
__Hspace_2                                      (abs)        000000
__Hspace_4                                      (abs)        60000E
__Hstack                                        stack        000000
__Hstruct                                       struct       000000
__Htemp                                         temp         00006E
__Htext                                         text         000000
__Htext0                                        text0        000000
__Htext1                                        text1        000000
__Htext10                                       text10       000000
__Htext11                                       text11       000000
__Htext12                                       text12       000000
__Htext13                                       text13       000000
__Htext14                                       text14       000000
__Htext15                                       text15       000000
__Htext16                                       text16       000000
__Htext17                                       text17       000000
__Htext18                                       text18       000000
__Htext19                                       text19       000000
__Htext2                                        text2        000000
__Htext20                                       text20       000000
__Htext21                                       text21       000000
__Htext22                                       text22       000000
__Htext23                                       text23       000000
__Htext24                                       text24       000000
__Htext25                                       text25       000000
__Htext26                                       text26       000000
__Htext27                                       text27       000000
__Htext28                                       text28       000000
__Htext29                                       text29       000000
__Htext3                                        text3        000000
__Htext30                                       text30       000000
__Htext31                                       text31       000000
__Htext32                                       text32       000000
__Htext33                                       text33       000000
__Htext34                                       text34       000000
__Htext35                                       text35       000000
__Htext36                                       text36       000000
__Htext37                                       text37       000000
__Htext38                                       text38       000000
__Htext39                                       text39       000000
__Htext4                                        text4        000000
__Htext40                                       text40       000000
__Htext41                                       text41       000000
__Htext42                                       text42       000000
__Htext43                                       text43       000000
__Htext44                                       text44       000000
__Htext45                                       text45       000000
__Htext46                                       text46       000000
__Htext47                                       text47       000000
__Htext48                                       text48       000000
__Htext49                                       text49       000000
__Htext5                                        text5        000000
__Htext51                                       text51       000000
__Htext52                                       text52       000000
__Htext53                                       text53       000000
__Htext54                                       text54       000000
__Htext55                                       text55       000000
__Htext56                                       text56       000000
__Htext57                                       text57       000000
__Htext58                                       text58       000000
__Htext59                                       text59       000000
__Htext6                                        text6        000000
__Htext60                                       text60       000000
__Htext61                                       text61       000000
__Htext62                                       text62       000000
__Htext63                                       text63       000000
__Htext64                                       text64       000000
__Htext65                                       text65       000000
__Htext66                                       text66       000000
__Htext67                                       text67       000000
__Htext68                                       text68       000000
__Htext69                                       text69       000000
__Htext7                                        text7        000000
__Htext70                                       text70       000000
__Htext71                                       text71       000000
__Htext8                                        text8        000000
__Htext9                                        text9        000000
__LRAM                                          (abs)        000001
__L__absolute__                                 __absolute__ 000000
__Labs1                                         abs1         000000
__Lbank0                                        bank0        000000
__Lbank1                                        bank1        000000
__Lbank10                                       bank10       000000
__Lbank11                                       bank11       000000
__Lbank12                                       bank12       000000
__Lbank13                                       bank13       000000
__Lbank14                                       bank14       000000
__Lbank15                                       bank15       000000
__Lbank2                                        bank2        000000
__Lbank3                                        bank3        000000
__Lbank4                                        bank4        000000
__Lbank5                                        bank5        000000
__Lbank6                                        bank6        000000
__Lbank7                                        bank7        000000
__Lbank8                                        bank8        000000
__Lbank9                                        bank9        000000
__Lbigbss                                       bigbss       000000
__Lbigdata                                      bigdata      000000
__Lbigram                                       bigram       000000
__Lbigsfr                                       bigsfr       000000
__Lbss                                          bss          000000
__LbssCOMRAM                                    bssCOMRAM    000000
__Lcinit                                        cinit        000000
__Lclrtext                                      clrtext      000000
__Lcomram                                       comram       000000
__Lconfig                                       config       000000
__Lconst                                        const        000000
__LcstackBANK0                                  cstackBANK0  000000
__LcstackCOMRAM                                 cstackCOMRAM 000000
__Ldata                                         data         000000
__LdataBANK0                                    dataBANK0    000000
__LdataCOMRAM                                   dataCOMRAM   000000
__Leeprom_data                                  eeprom_data  000000
__Lfarbss                                       farbss       000000
__Lfardata                                      fardata      000000
__Lheap                                         heap         000000
__Libigdata                                     ibigdata     000000
__Lidata                                        idata        000000
__LidataBANK0                                   idataBANK0   000000
__LidataCOMRAM                                  idataCOMRAM  000000
__Lidloc                                        idloc        000000
__Lifardata                                     ifardata     000000
__Linit                                         init         00000E
__Lintcode                                      intcode      000008
__Lintcode_body                                 intcode_body 000000
__Lintcodelo                                    intcodelo    00000E
__Lintentry                                     intentry     000000
__Lintret                                       intret       000000
__Lintsave_regs                                 intsave_regs 000000
__Lirdata                                       irdata       000000
__Lmediumconst                                  mediumconst  000000
__LnvCOMRAM                                     nvCOMRAM     000000
__LnvFARRAM                                     nvFARRAM     000000
__Lnvbit                                        nvbit        000000
__Lnvrram                                       nvrram       000000
__Lparam                                        rparam       000000
__Lpowerup                                      powerup      00000E
__Lram                                          ram          000000
__Lramtop                                       ramtop       001000
__Lrbit                                         rbit         000000
__Lrbss                                         rbss         000000
__Lrdata                                        rdata        000000
__Lreset_vec                                    reset_vec    000000
__Lrparam                                       rparam       000000
__Lsfr                                          sfr          000000
__Lsivt_hi                                      sivt_hi      000000
__Lsivt_lo                                      sivt_lo      000000
__Lsmallconst                                   smallconst   001000
__Lspace_0                                      (abs)        000000
__Lspace_1                                      (abs)        000000
__Lspace_2                                      (abs)        000000
__Lspace_4                                      (abs)        000000
__Lstack                                        stack        000000
__Lstruct                                       struct       000000
__Ltemp                                         temp         00006D
__Ltext                                         text         000000
__Ltext0                                        text0        000000
__Ltext1                                        text1        000000
__Ltext10                                       text10       000000
__Ltext11                                       text11       000000
__Ltext12                                       text12       000000
__Ltext13                                       text13       000000
__Ltext14                                       text14       000000
__Ltext15                                       text15       000000
__Ltext16                                       text16       000000
__Ltext17                                       text17       000000
__Ltext18                                       text18       000000
__Ltext19                                       text19       000000
__Ltext2                                        text2        000000
__Ltext20                                       text20       000000
__Ltext21                                       text21       000000
__Ltext22                                       text22       000000
__Ltext23                                       text23       000000
__Ltext24                                       text24       000000
__Ltext25                                       text25       000000
__Ltext26                                       text26       000000
__Ltext27                                       text27       000000
__Ltext28                                       text28       000000
__Ltext29                                       text29       000000
__Ltext3                                        text3        000000
__Ltext30                                       text30       000000
__Ltext31                                       text31       000000
__Ltext32                                       text32       000000
__Ltext33                                       text33       000000
__Ltext34                                       text34       000000
__Ltext35                                       text35       000000
__Ltext36                                       text36       000000
__Ltext37                                       text37       000000
__Ltext38                                       text38       000000
__Ltext39                                       text39       000000
__Ltext4                                        text4        000000
__Ltext40                                       text40       000000
__Ltext41                                       text41       000000
__Ltext42                                       text42       000000
__Ltext43                                       text43       000000
__Ltext44                                       text44       000000
__Ltext45                                       text45       000000
__Ltext46                                       text46       000000
__Ltext47                                       text47       000000
__Ltext48                                       text48       000000
__Ltext49                                       text49       000000
__Ltext5                                        text5        000000
__Ltext51                                       text51       000000
__Ltext52                                       text52       000000
__Ltext53                                       text53       000000
__Ltext54                                       text54       000000
__Ltext55                                       text55       000000
__Ltext56                                       text56       000000
__Ltext57                                       text57       000000
__Ltext58                                       text58       000000
__Ltext59                                       text59       000000
__Ltext6                                        text6        000000
__Ltext60                                       text60       000000
__Ltext61                                       text61       000000
__Ltext62                                       text62       000000
__Ltext63                                       text63       000000
__Ltext64                                       text64       000000
__Ltext65                                       text65       000000
__Ltext66                                       text66       000000
__Ltext67                                       text67       000000
__Ltext68                                       text68       000000
__Ltext69                                       text69       000000
__Ltext7                                        text7        000000
__Ltext70                                       text70       000000
__Ltext71                                       text71       000000
__Ltext8                                        text8        000000
__Ltext9                                        text9        000000
__S0                                            (abs)        003272
__S1                                            (abs)        0000D9
__S4                                            (abs)        000000
__S5                                            (abs)        000000
___awdiv                                        text3        001D7C
___awdiv@counter                                cstackBANK0  0000CF
___awdiv@dividend                               cstackBANK0  0000CB
___awdiv@divisor                                cstackBANK0  0000CD
___awdiv@quotient                               cstackBANK0  0000D1
___awdiv@sign                                   cstackBANK0  0000D0
___awmod                                        text2        001FCC
___awmod@counter                                cstackCOMRAM 000068
___awmod@dividend                               cstackBANK0  0000CB
___awmod@divisor                                cstackBANK0  0000CD
___awmod@sign                                   cstackCOMRAM 000069
___heap_hi                                      (abs)        000000
___heap_lo                                      (abs)        000000
___inthi_sp                                     stack        000000
___inthi_stack_hi                               stack        000000
___inthi_stack_lo                               stack        000000
___intlo_sp                                     stack        000000
___intlo_stack_hi                               stack        000000
___intlo_stack_lo                               stack        000000
___param_bank                                   (abs)        000000
___rparam_used                                  (abs)        000001
___sp                                           stack        000000
___stack_hi                                     stack        000000
___stack_lo                                     stack        000000
__accesstop                                     (abs)        000080
__activetblptr                                  (abs)        000003
__end_of_Data_EEPROM_Read_Byte                  text62       002F3C
__end_of_Data_EEPROM_Write_Byte                 text61       002EFE
__end_of_Get_DS1307_RTC_Time                    text13       00212C
__end_of_I2C_ReStart                            text21       003248
__end_of_I2C_Read_Byte                          text20       00320C
__end_of_I2C_Send_ACK                           text19       0031F6
__end_of_I2C_Send_NACK                          text18       0031E0
__end_of_I2C_Start                              text17       003234
__end_of_I2C_Stop                               text16       003220
__end_of_I2C_Write_Byte                         text15       00315A
__end_of_INT0_ISR                               text65       00302A
__end_of_INT0_ResetIneterruptHandler            text67       003268
__end_of_INT0_SetInterruptHandler               text37       0030D4
__end_of_INT1_CountUpIneterruptHandler          text66       003196
__end_of_INT1_ISR                               text64       002FFC
__end_of_INT1_SetInterruptHandler               text36       0030AA
__end_of_INT2_CountDownIneterruptHandler        text68       0031B4
__end_of_INT2_ISR                               text63       002FCE
__end_of_INT2_SetInterruptHandler               text35       003080
__end_of_InitI2C                                text12       00325A
__end_of_InterruptManagerHigh                   intcode_body 0012E8
__end_of_Interrupt_INTx_Clear_Flag              text42       00286A
__end_of_Interrupt_INTx_Disable                 text41       0027F8
__end_of_Interrupt_INTx_Edge_Init               text40       00182E
__end_of_Interrupt_INTx_Enable                  text39       0025A2
__end_of_Interrupt_INTx_Init                    text33       002A80
__end_of_Interrupt_INTx_Pin_Init                text38       003056
__end_of_Interrupt_INTx_SetInterruptHandler     text34       00227C
__end_of_Interrupt_RBx_Disable                  text32       00313C
__end_of_Interrupt_RBx_Enable                   text31       00311A
__end_of_Interrupt_RBx_Init                     text28       001B78
__end_of_Interrupt_RBx_Pin_Init                 text30       002FA0
__end_of_Interrupt_RBx_Priority_Init            text29       0030F8
__end_of_RB0_PauseIneterruptHandler             text59       001F08
__end_of_RB1_ClockIneterruptHandler             text60       003178
__end_of_RB4_ISR                                text58       002D96
__end_of_RB5_ISR                                text57       002D42
__end_of_RB6_ISR                                text56       002CEE
__end_of_RB7_ISR                                text55       002C9A
__end_of_Read_Bytes_From_DS1307_RTC             text14       00241C
__end_of_TIMER0_IneterruptHandler               text52       0015D6
__end_of_TMR0_ISR                               text51       002F72
__end_of_Timer0_Init                            text24       00230E
__end_of_Timer0_Mode_Select                     text27       0024A2
__end_of_Timer0_Prescaler_Config                text26       002B44
__end_of_Timer0_Register_Size_Config            text25       002E2C
__end_of___awdiv                                text3        001E42
__end_of___awmod                                text2        00207E
__end_of__initialization                        cinit        002B90
__end_of_application_initialize                 text22       003272
__end_of_btn_values                             smallconst   001011
__end_of_ecu_layer_initialize                   text43       00261C
__end_of_get_rtc_time                           text11       002E72
__end_of_gpio_pin_direction_initialize          text49       00194A
__end_of_gpio_pin_initialize                    text47       002A1A
__end_of_gpio_pin_read_logic                    text8        0021D4
__end_of_gpio_pin_toggle_logic                  text54       002524
__end_of_gpio_pin_write_logic                   text48       001A64
__end_of_hours_display                          text9        002BF0
__end_of_keypad_get_value                       text7        001D7C
__end_of_keypad_initialize                      text46       0028DA
__end_of_led_initialize                         text45       002696
__end_of_led_toggle                             text53       0029B2
__end_of_led_turn_off                           text70       002786
__end_of_led_turn_on                            text69       00270E
__end_of_main                                   text0        001FCC
__end_of_mcal_layer_initialize                  text23       002EB8
__end_of_minutes_display                        text6        002AE2
__end_of_seconds_display                        text5        002948
__end_of_set_alarm                              text4        00170E
__end_of_seven_seg_display                      text1        00147A
__end_of_seven_segment_initialize               text44       002C46
__end_of_seven_segment_write_number             text10       002396
__end_ofi2_gpio_pin_write_logic                 text71       001C82
__initialization                                cinit        002B44
__mediumconst                                   mediumconst  000000
__pbssCOMRAM                                    bssCOMRAM    000001
__pcinit                                        cinit        002B44
__pcstackBANK0                                  cstackBANK0  0000CB
__pcstackCOMRAM                                 cstackCOMRAM 000056
__pdataBANK0                                    dataBANK0    000080
__pdataCOMRAM                                   dataCOMRAM   000040
__pidataBANK0                                   idataBANK0   002D96
__pidataCOMRAM                                  idataCOMRAM  0031B4
__pintcode                                      intcode      000008
__pintcode_body                                 intcode_body 001012
__pnvCOMRAM                                     nvCOMRAM     00006B
__psmallconst                                   smallconst   001000
__ptext0                                        text0        001F08
__ptext1                                        text1        0012E8
__ptext10                                       text10       00230E
__ptext11                                       text11       002E2C
__ptext12                                       text12       003248
__ptext13                                       text13       00207E
__ptext14                                       text14       002396
__ptext15                                       text15       00313C
__ptext16                                       text16       00320C
__ptext17                                       text17       003220
__ptext18                                       text18       0031CA
__ptext19                                       text19       0031E0
__ptext2                                        text2        001FCC
__ptext20                                       text20       0031F6
__ptext21                                       text21       003234
__ptext22                                       text22       003268
__ptext23                                       text23       002E72
__ptext24                                       text24       00227C
__ptext25                                       text25       002DE2
__ptext26                                       text26       002AE2
__ptext27                                       text27       00241C
__ptext28                                       text28       001A64
__ptext29                                       text29       0030D4
__ptext3                                        text3        001D7C
__ptext30                                       text30       002F72
__ptext31                                       text31       0030F8
__ptext32                                       text32       00311A
__ptext33                                       text33       002A1A
__ptext34                                       text34       0021D4
__ptext35                                       text35       003056
__ptext36                                       text36       003080
__ptext37                                       text37       0030AA
__ptext38                                       text38       00302A
__ptext39                                       text39       002524
__ptext4                                        text4        0015D6
__ptext40                                       text40       00170E
__ptext41                                       text41       002786
__ptext42                                       text42       0027F8
__ptext43                                       text43       0025A2
__ptext44                                       text44       002BF0
__ptext45                                       text45       00261C
__ptext46                                       text46       00286A
__ptext47                                       text47       0029B2
__ptext48                                       text48       00194A
__ptext49                                       text49       00182E
__ptext5                                        text5        0028DA
__ptext51                                       text51       002F3C
__ptext52                                       text52       00147A
__ptext53                                       text53       002948
__ptext54                                       text54       0024A2
__ptext55                                       text55       002C46
__ptext56                                       text56       002C9A
__ptext57                                       text57       002CEE
__ptext58                                       text58       002D42
__ptext59                                       text59       001E42
__ptext6                                        text6        002A80
__ptext60                                       text60       00315A
__ptext61                                       text61       002EB8
__ptext62                                       text62       002EFE
__ptext63                                       text63       002FA0
__ptext64                                       text64       002FCE
__ptext65                                       text65       002FFC
__ptext66                                       text66       003178
__ptext67                                       text67       00325A
__ptext68                                       text68       003196
__ptext69                                       text69       002696
__ptext7                                        text7        001C82
__ptext70                                       text70       00270E
__ptext71                                       text71       001B78
__ptext8                                        text8        00212C
__ptext9                                        text9        002B9A
__ramtop                                        ramtop       001000
__smallconst                                    smallconst   001000
_alarm_hours                                    bssCOMRAM    00002A
_alarm_minutes                                  bssCOMRAM    000029
_alarm_seconds                                  bssCOMRAM    000028
_application_initialize                         text22       003268
_btn_values                                     smallconst   001001
_buzzer                                         dataCOMRAM   00004B
_buzzer_led                                     dataCOMRAM   00004C
_clock_hours                                    bssCOMRAM    000027
_clock_led                                      dataCOMRAM   00004D
_clock_minutes                                  bssCOMRAM    000026
_clock_mode_int                                 dataBANK0    0000AD
_clock_seconds                                  bssCOMRAM    000025
_count_down_int                                 dataBANK0    0000B9
_count_up_int                                   dataBANK0    0000BF
_counter1                                       bssCOMRAM    000024
_counter2                                       bssCOMRAM    000023
_counter3                                       bssCOMRAM    000022
_ecu_layer_initialize                           text43       0025A2
_get_rtc_time                                   text11       002E2C
_gpio_pin_direction_initialize                  text49       00182E
_gpio_pin_initialize                            text47       0029B2
_gpio_pin_read_logic                            text8        00212C
_gpio_pin_toggle_logic                          text54       0024A2
_gpio_pin_write_logic                           text48       00194A
_hours                                          bssCOMRAM    00003D
_hours_display                                  text9        002B9A
_hours_input                                    bssCOMRAM    000005
_keypad                                         dataBANK0    00009E
_keypad_get_value                               text7        001C82
_keypad_initialize                              text46       00286A
_keypad_value                                   bssCOMRAM    000039
_lat_registers                                  dataBANK0    00008A
_led_initialize                                 text45       00261C
_led_toggle                                     text53       002948
_led_turn_off                                   text70       00270E
_led_turn_on                                    text69       002696
_main                                           text0        001F08
_mcal_layer_initialize                          text23       002E72
_minutes                                        bssCOMRAM    00003E
_minutes_display                                text6        002A80
_minutes_input                                  bssCOMRAM    000003
_mode_status                                    dataCOMRAM   000040
_pRTCArray                                      bssCOMRAM    000031
_pause_flag                                     bssCOMRAM    00002C
_pause_resume_btn_state                         bssCOMRAM    00002B
_pause_resume_int                               dataBANK0    0000B3
_paused_hours                                   bssCOMRAM    00003C
_paused_minutes                                 bssCOMRAM    00003B
_paused_seconds                                 bssCOMRAM    00003A
_port_registers                                 dataBANK0    000080
_ptr                                            nvCOMRAM     00006B
_reset_int                                      dataBANK0    0000C5
_resume_flag                                    dataCOMRAM   000041
_seconds                                        bssCOMRAM    00003F
_seconds_display                                text5        0028DA
_seconds_input                                  bssCOMRAM    000001
_seg_enable_1                                   dataCOMRAM   000055
_seg_enable_2                                   dataCOMRAM   000054
_seg_enable_3                                   dataCOMRAM   000053
_seg_enable_4                                   dataCOMRAM   000052
_seg_enable_5                                   dataCOMRAM   000051
_seg_enable_6                                   dataCOMRAM   000050
_set_alarm                                      text4        0015D6
_seven_seg_display                              text1        0012E8
_seven_segment                                  dataCOMRAM   000046
_seven_segment_initialize                       text44       002BF0
_seven_segment_write_number                     text10       00230E
_stopwatch_led                                  dataCOMRAM   00004F
_time                                           bssCOMRAM    000035
_timer                                          dataBANK0    0000A6
_timer0_preload                                 bssCOMRAM    000007
_timer_led                                      dataCOMRAM   00004E
_tris_registers                                 dataBANK0    000094
btemp                                           temp         00006D
end_of_initialization                           cinit        002B90
gpio_pin_direction_initialize@config            cstackCOMRAM 000068
gpio_pin_direction_initialize@retVal            cstackCOMRAM 000069
gpio_pin_initialize@config                      cstackBANK0  0000D0
gpio_pin_initialize@retVal                      cstackBANK0  0000D2
gpio_pin_read_logic@config                      cstackCOMRAM 000068
gpio_pin_read_logic@logic_status                cstackCOMRAM 000069
gpio_pin_read_logic@retVal                      cstackCOMRAM 00006A
gpio_pin_toggle_logic@config                    cstackCOMRAM 000056
gpio_pin_write_logic@config                     cstackCOMRAM 000068
gpio_pin_write_logic@logic_status               cstackCOMRAM 000069
gpio_pin_write_logic@retVal                     cstackCOMRAM 00006A
i2_gpio_pin_write_logic                         text71       001B78
i2gpio_pin_write_logic@config                   cstackCOMRAM 000056
i2gpio_pin_write_logic@logic_status             cstackCOMRAM 000057
int$flags                                       temp         00006D
int_func                                        intcode_body 001012
intlevel0                                       text         000000
intlevel1                                       text         000000
intlevel2                                       text         000000
intlevel3                                       text         000000
isa$std                                         (abs)        000001
isa$xinst                                       (abs)        000000
keypad_get_value@column_logic                   cstackBANK0  0000D4
keypad_get_value@columns_counter                cstackBANK0  0000D7
keypad_get_value@counter                        cstackBANK0  0000D5
keypad_get_value@pad                            cstackBANK0  0000D0
keypad_get_value@retVal                         cstackBANK0  0000D3
keypad_get_value@rows_counter                   cstackBANK0  0000D6
keypad_get_value@value                          cstackBANK0  0000D1
keypad_initialize@columns_counter               cstackBANK0  0000D6
keypad_initialize@pad                           cstackBANK0  0000D3
keypad_initialize@retVal                        cstackBANK0  0000D4
keypad_initialize@rows_counter                  cstackBANK0  0000D5
led_initialize@F3067                            bssCOMRAM    000030
led_initialize@led                              cstackBANK0  0000D3
led_initialize@pin_obj                          cstackBANK0  0000D6
led_initialize@retVal                           cstackBANK0  0000D5
led_toggle@F3082                                bssCOMRAM    00002D
led_toggle@led                                  cstackCOMRAM 00005B
led_toggle@pin_obj                              cstackCOMRAM 00005D
led_turn_off@F3077                              bssCOMRAM    00002E
led_turn_off@led                                cstackCOMRAM 00005D
led_turn_off@pin_obj                            cstackCOMRAM 000060
led_turn_off@retVal                             cstackCOMRAM 00005F
led_turn_on@F3072                               bssCOMRAM    00002F
led_turn_on@led                                 cstackCOMRAM 00005D
led_turn_on@pin_obj                             cstackCOMRAM 000060
led_turn_on@retVal                              cstackCOMRAM 00005F
seven_seg_display@__hours                       cstackBANK0  0000D8
seven_seg_display@__minutes                     cstackBANK0  0000D6
seven_seg_display@__seconds                     cstackBANK0  0000D7
seven_segment_initialize@retVal                 cstackBANK0  0000D4
seven_segment_initialize@segment                cstackBANK0  0000D3
seven_segment_write_number@number               cstackBANK0  0000D4
seven_segment_write_number@retVal               cstackBANK0  0000D5
seven_segment_write_number@segment              cstackBANK0  0000D3
stackhi                                         (abs)        000000
stacklo                                         (abs)        000000
start                                           init         00000E
start_initialization                            cinit        002B44
ttemp5                                          temp         00006E
ttemp6                                          temp         000071
ttemp7                                          temp         000075
wtemp8                                          temp         00006E


MODULE INFORMATION

Module		Function		Class		Link	Load	Size
ECU_Layer/7_Segment/ecu_seven_seg.c
		_seven_segment_initialize		CODE           	2BF0	0000	86
		_seven_segment_write_number		CODE           	230E	0000	136

ECU_Layer/7_Segment/ecu_seven_seg.c estimated size: 222

ECU_Layer/KeyPad/ecu_keypad.c
		_keypad_get_value		CODE           	1C82	0000	250
		_keypad_initialize		CODE           	286A	0000	112

ECU_Layer/KeyPad/ecu_keypad.c estimated size: 362

C:\Program Files\Microchip\xc8\v2.46\pic\sources\c99\common\awdiv.c
		___awdiv       		CODE           	1D7C	0000	198

C:\Program Files\Microchip\xc8\v2.46\pic\sources\c99\common\awdiv.c estimated size: 198

MCAL_Layer/EEPROM/hal_eeprom.c
		_Data_EEPROM_Read_Byte		CODE           	2EFE	0000	62
		_Data_EEPROM_Write_Byte		CODE           	2EB8	0000	70

MCAL_Layer/EEPROM/hal_eeprom.c estimated size: 132

shared
		_btn_values    		SMALLCONST     	1001	0000	16
		__initialization		CODE           	2B44	0000	76
		i2_gpio_pin_write_logic		CODE           	1B78	0000	266

shared estimated size: 358

MCAL_Layer/Interrupt/mcal_external_interrupt.c
		_Interrupt_RBx_Pin_Init		CODE           	2F72	0000	46
		_INT0_SetInterruptHandler		CODE           	30AA	0000	42
		_Interrupt_INTx_Clear_Flag		CODE           	27F8	0000	114
		_Interrupt_INTx_SetInterruptHandler		CODE           	21D4	0000	168
		_INT1_SetInterruptHandler		CODE           	3080	0000	42
		_Interrupt_INTx_Enable		CODE           	2524	0000	126
		_RB4_ISR       		CODE           	2D42	0000	84
		_INT2_SetInterruptHandler		CODE           	3056	0000	42
		_RB5_ISR       		CODE           	2CEE	0000	84
		_RB6_ISR       		CODE           	2C9A	0000	84
		_Interrupt_RBx_Disable		CODE           	311A	0000	34
		_RB7_ISR       		CODE           	2C46	0000	84
		_Interrupt_INTx_Edge_Init		CODE           	170E	0000	288
		_Interrupt_INTx_Init		CODE           	2A1A	0000	102
		_Interrupt_INTx_Disable		CODE           	2786	0000	114
		_Interrupt_RBx_Priority_Init		CODE           	30D4	0000	36
		_Interrupt_RBx_Enable		CODE           	30F8	0000	34
		_INT0_ISR      		CODE           	2FFC	0000	46
		_Interrupt_INTx_Pin_Init		CODE           	302A	0000	44
		_Interrupt_RBx_Init		CODE           	1A64	0000	276
		_INT1_ISR      		CODE           	2FCE	0000	46
		_INT2_ISR      		CODE           	2FA0	0000	46

MCAL_Layer/Interrupt/mcal_external_interrupt.c estimated size: 1982

MCAL_Layer/mcal_layer_initialize.c
		_mcal_layer_initialize		CODE           	2E72	0000	70

MCAL_Layer/mcal_layer_initialize.c estimated size: 70

MCAL_Layer/Interrupt/mcal_interrupt_manager.c
		_InterruptManagerHigh		CODE           	0008	0000	732

MCAL_Layer/Interrupt/mcal_interrupt_manager.c estimated size: 732

MCAL_Layer/GPIO/hal_gpio.c
		_gpio_pin_write_logic		CODE           	194A	0000	282
		_gpio_pin_read_logic		CODE           	212C	0000	168
		_gpio_pin_direction_initialize		CODE           	182E	0000	284
		_gpio_pin_toggle_logic		CODE           	24A2	0000	130
		_gpio_pin_initialize		CODE           	29B2	0000	104

MCAL_Layer/GPIO/hal_gpio.c estimated size: 968

ECU_Layer/LED/ecu_led.c
		_led_initialize		CODE           	261C	0000	122
		_led_turn_on   		CODE           	2696	0000	120
		_led_turn_off  		CODE           	270E	0000	120
		_led_toggle    		CODE           	2948	0000	106

ECU_Layer/LED/ecu_led.c estimated size: 468

MCAL_Layer/I2C/i2c.c
		_I2C_Stop      		CODE           	320C	0000	20
		_InitI2C       		CODE           	3248	0000	18
		_I2C_Write_Byte		CODE           	313C	0000	30
		_I2C_Read_Byte 		CODE           	31F6	0000	22
		_I2C_Send_ACK  		CODE           	31E0	0000	22
		_I2C_Send_NACK 		CODE           	31CA	0000	22
		_I2C_Start     		CODE           	3220	0000	20
		_I2C_ReStart   		CODE           	3234	0000	20

MCAL_Layer/I2C/i2c.c estimated size: 174

ECU_Layer/ecu_layer_initialize.c
		_ecu_layer_initialize		CODE           	25A2	0000	122

ECU_Layer/ecu_layer_initialize.c estimated size: 122

ECU_Layer/DS1307/ds1307.c
		_Read_Bytes_From_DS1307_RTC		CODE           	2396	0000	134
		_Get_DS1307_RTC_Time		CODE           	207E	0000	174

ECU_Layer/DS1307/ds1307.c estimated size: 308

C:\Program Files\Microchip\xc8\v2.46\pic\sources\c99\common\awmod.c
		___awmod       		CODE           	1FCC	0000	178

C:\Program Files\Microchip\xc8\v2.46\pic\sources\c99\common\awmod.c estimated size: 178

application.c
		_RB1_ClockIneterruptHandler		CODE           	315A	0000	30
		_get_rtc_time  		CODE           	2E2C	0000	70
		_set_alarm     		CODE           	15D6	0000	312
		_TIMER0_IneterruptHandler		CODE           	147A	0000	348
		_application_initialize		CODE           	3268	0000	10
		_main          		CODE           	1F08	0000	196
		_seconds_display		CODE           	28DA	0000	110
		_seven_seg_display		CODE           	12E8	0000	402
		_INT0_ResetIneterruptHandler		CODE           	325A	0000	14
		_INT2_CountDownIneterruptHandler		CODE           	3196	0000	30
		_RB0_PauseIneterruptHandler		CODE           	1E42	0000	198
		_INT1_CountUpIneterruptHandler		CODE           	3178	0000	30
		_minutes_display		CODE           	2A80	0000	98
		_hours_display 		CODE           	2B9A	0000	86

application.c estimated size: 1934

MCAL_Layer/Timer0/hal_timer0.c
		_Timer0_Register_Size_Config		CODE           	2DE2	0000	74
		_Timer0_Init   		CODE           	227C	0000	146
		_Timer0_Prescaler_Config		CODE           	2AE2	0000	98
		_Timer0_Mode_Select		CODE           	241C	0000	134
		_TMR0_ISR      		CODE           	2F3C	0000	54

MCAL_Layer/Timer0/hal_timer0.c estimated size: 506

